#
# There is insufficient memory for the Java Runtime Environment to continue.
# Native memory allocation (malloc) failed to allocate 1730096 bytes. Error detail: Chunk::new
# Possible reasons:
#   The system is out of physical RAM or swap space
#   This process is running with CompressedOops enabled, and the Java Heap may be blocking the growth of the native heap
# Possible solutions:
#   Reduce memory load on the system
#   Increase physical memory or swap space
#   Check if swap backing store is full
#   Decrease Java heap size (-Xmx/-Xms)
#   Decrease number of Java threads
#   Decrease Java thread stack sizes (-Xss)
#   Set larger code cache with -XX:ReservedCodeCacheSize=
#   JVM is running with Unscaled Compressed Oops mode in which the Java heap is
#     placed in the first 4GB address space. The Java Heap base address is the
#     maximum limit for the native heap growth. Please use -XX:HeapBaseMinAddress
#     to set the Java Heap base and to place the Java Heap above 4GB virtual address.
# This output file may be truncated or incomplete.
#
#  Out of Memory Error (arena.cpp:168), pid=40200, tid=41852
#
# JRE version: OpenJDK Runtime Environment Temurin-21.0.10+7 (21.0.10+7) (build 21.0.10+7-LTS)
# Java VM: OpenJDK 64-Bit Server VM Temurin-21.0.10+7 (21.0.10+7-LTS, mixed mode, sharing, tiered, compressed oops, compressed class ptrs, parallel gc, windows-amd64)
# No core dump will be written. Minidumps are not enabled by default on client versions of Windows
#

---------------  S U M M A R Y ------------

Command Line: --add-modules=ALL-SYSTEM --add-opens=java.base/java.util=ALL-UNNAMED --add-opens=java.base/java.lang=ALL-UNNAMED --add-opens=java.base/sun.nio.fs=ALL-UNNAMED -Declipse.application=org.eclipse.jdt.ls.core.id1 -Dosgi.bundles.defaultStartLevel=4 -Declipse.product=org.eclipse.jdt.ls.core.product -Djava.import.generatesMetadataFilesAtProjectRoot=false -DDetectVMInstallationsJob.disabled=true -Dfile.encoding=utf8 -XX:+UseParallelGC -XX:GCTimeRatio=4 -XX:AdaptiveSizePolicyWeight=90 -Dsun.zip.disableMemoryMapping=true -Xmx2G -Xms100m -Xlog:disable -javaagent:c:\Users\thoma\.vscode\extensions\redhat.java-1.54.0-win32-x64\lombok\lombok-1.18.39-4050.jar -XX:+HeapDumpOnOutOfMemoryError -XX:HeapDumpPath=c:\Users\thoma\AppData\Roaming\Code\User\workspaceStorage\15b89bb5f5f21af3b8bd2fdc59b2e550\redhat.java -Daether.dependencyCollector.impl=bf c:\Users\thoma\.vscode\extensions\redhat.java-1.54.0-win32-x64\server\plugins\org.eclipse.equinox.launcher_1.7.100.v20251111-0406.jar -configuration c:\Users\thoma\AppData\Roaming\Code\User\globalStorage\redhat.java\1.54.0\config_win -data c:\Users\thoma\AppData\Roaming\Code\User\workspaceStorage\15b89bb5f5f21af3b8bd2fdc59b2e550\redhat.java\jdt_ws --pipe=\\.\pipe\lsp-76da53db4552a1d648957084c53cdba0-sock

Host: 13th Gen Intel(R) Core(TM) i9-13900H, 20 cores, 15G,  Windows 11 , 64 bit Build 26100 (10.0.26100.8328)
Time: Tue May 19 07:39:47 2026 Hora est. Pacífico, Sudamérica elapsed time: 20.671936 seconds (0d 0h 0m 20s)

---------------  T H R E A D  ---------------

Current thread (0x000001876c9757f0):  JavaThread "C2 CompilerThread4" daemon [_thread_in_native, id=41852, stack(0x0000004494900000,0x0000004494a00000) (1024K)]


Current CompileTask:
C2:20672 11084 %     4       java.util.Properties::load0 @ 8 (249 bytes)

Stack: [0x0000004494900000,0x0000004494a00000]
Native frames: (J=compiled Java code, j=interpreted, Vv=VM code, C=native code)
V  [jvm.dll+0x6d7a39]
V  [jvm.dll+0x8b4b26]
V  [jvm.dll+0x8b70de]
V  [jvm.dll+0x8b77c3]
V  [jvm.dll+0x284346]
V  [jvm.dll+0xc66ed]
V  [jvm.dll+0xc6c31]
V  [jvm.dll+0x3bec01]
V  [jvm.dll+0x1e3d62]
V  [jvm.dll+0x24c6b3]
V  [jvm.dll+0x24bb40]
V  [jvm.dll+0x1cb34e]
V  [jvm.dll+0x25b85d]
V  [jvm.dll+0x259dea]
V  [jvm.dll+0x3f857e]
V  [jvm.dll+0x85f59d]
V  [jvm.dll+0x6d626d]
C  [ucrtbase.dll+0x37b0]
C  [KERNEL32.DLL+0x2e957]
C  [ntdll.dll+0x427c]


---------------  P R O C E S S  ---------------

Threads class SMR info:
_java_thread_list=0x00000187701aa900, length=64, elements={
0x000001870b7cd180, 0x000001870b77df60, 0x000001870b86ef80, 0x000001870b872310,
0x000001870b874fb0, 0x000001870b875a10, 0x000001870b876470, 0x000001870b881480,
0x000001870b88b020, 0x00000187648cd000, 0x00000187648e0ee0, 0x000001876b4b7460,
0x000001876b413290, 0x000001876b05bd50, 0x0000018766686650, 0x000001876bc07010,
0x000001876b976df0, 0x000001876bd03280, 0x000001876ba97410, 0x000001876ba98e50,
0x000001876ba97aa0, 0x000001876ba96d80, 0x000001876ba96060, 0x000001876ba98130,
0x000001876ba966f0, 0x000001876ba987c0, 0x000001876c01c5f0, 0x000001876c01b8d0,
0x000001876c01d310, 0x000001876c01d9a0, 0x000001876c01a520, 0x000001876c01cc80,
0x000001876c01abb0, 0x000001876c01b240, 0x000001876c01bf60, 0x000001876f3612a0,
0x000001876f362650, 0x000001876f363a00, 0x000001876f360c10, 0x000001876f361930,
0x000001876f362ce0, 0x000001876f363370, 0x000001876f360580, 0x000001876f364090,
0x000001876f364720, 0x000001876f364db0, 0x000001876f365440, 0x000001876f361fc0,
0x000001876f366160, 0x000001876f365ad0, 0x000001876f3667f0, 0x000001876f366e80,
0x000001876f367510, 0x000001876f367ba0, 0x000001876e620f30, 0x000001876e61f4f0,
0x000001876e6215c0, 0x000001876e61ee60, 0x000001876e621c50, 0x000001876e61fb80,
0x000001876c974a50, 0x000001876c975120, 0x000001876c972f10, 0x000001876c9757f0
}

Java Threads: ( => current thread )
  0x000001870b7cd180 JavaThread "main"                              [_thread_blocked, id=40872, stack(0x0000004490100000,0x0000004490200000) (1024K)]
  0x000001870b77df60 JavaThread "Reference Handler"          daemon [_thread_blocked, id=38592, stack(0x0000004490500000,0x0000004490600000) (1024K)]
  0x000001870b86ef80 JavaThread "Finalizer"                  daemon [_thread_blocked, id=40796, stack(0x0000004490600000,0x0000004490700000) (1024K)]
  0x000001870b872310 JavaThread "Signal Dispatcher"          daemon [_thread_blocked, id=40936, stack(0x0000004490700000,0x0000004490800000) (1024K)]
  0x000001870b874fb0 JavaThread "Attach Listener"            daemon [_thread_blocked, id=20288, stack(0x0000004490800000,0x0000004490900000) (1024K)]
  0x000001870b875a10 JavaThread "Service Thread"             daemon [_thread_blocked, id=39624, stack(0x0000004490900000,0x0000004490a00000) (1024K)]
  0x000001870b876470 JavaThread "Monitor Deflation Thread"   daemon [_thread_blocked, id=40944, stack(0x0000004490a00000,0x0000004490b00000) (1024K)]
  0x000001870b881480 JavaThread "C2 CompilerThread0"         daemon [_thread_blocked, id=39960, stack(0x0000004490b00000,0x0000004490c00000) (1024K)]
  0x000001870b88b020 JavaThread "C1 CompilerThread0"         daemon [_thread_in_native, id=37092, stack(0x0000004490c00000,0x0000004490d00000) (1024K)]
  0x00000187648cd000 JavaThread "Common-Cleaner"             daemon [_thread_blocked, id=40884, stack(0x0000004490f00000,0x0000004491000000) (1024K)]
  0x00000187648e0ee0 JavaThread "Notification Thread"        daemon [_thread_blocked, id=24412, stack(0x0000004491100000,0x0000004491200000) (1024K)]
  0x000001876b4b7460 JavaThread "Active Thread: Equinox Container: 30eedded-2fde-4fb5-9962-c4b1c8a899b0"        [_thread_blocked, id=40004, stack(0x0000004491b00000,0x0000004491c00000) (1024K)]
  0x000001876b413290 JavaThread "Refresh Thread: Equinox Container: 30eedded-2fde-4fb5-9962-c4b1c8a899b0" daemon [_thread_blocked, id=40028, stack(0x0000004491d00000,0x0000004491e00000) (1024K)]
  0x000001876b05bd50 JavaThread "Framework Event Dispatcher: Equinox Container: 30eedded-2fde-4fb5-9962-c4b1c8a899b0" daemon [_thread_blocked, id=39388, stack(0x0000004491e00000,0x0000004491f00000) (1024K)]
  0x0000018766686650 JavaThread "Start Level: Equinox Container: 30eedded-2fde-4fb5-9962-c4b1c8a899b0" daemon [_thread_blocked, id=39948, stack(0x0000004491200000,0x0000004491300000) (1024K)]
  0x000001876bc07010 JavaThread "Bundle File Closer"         daemon [_thread_blocked, id=40048, stack(0x0000004492300000,0x0000004492400000) (1024K)]
  0x000001876b976df0 JavaThread "SCR Component Actor"        daemon [_thread_blocked, id=32568, stack(0x0000004490e00000,0x0000004490f00000) (1024K)]
  0x000001876bd03280 JavaThread "Worker-JM"                         [_thread_blocked, id=35676, stack(0x0000004491f00000,0x0000004492000000) (1024K)]
  0x000001876ba97410 JavaThread "JNA Cleaner"                daemon [_thread_blocked, id=36016, stack(0x0000004492700000,0x0000004492800000) (1024K)]
  0x000001876ba98e50 JavaThread "Worker-0"                          [_thread_blocked, id=40168, stack(0x0000004492800000,0x0000004492900000) (1024K)]
  0x000001876ba97aa0 JavaThread "Worker-1"                          [_thread_blocked, id=1592, stack(0x0000004492900000,0x0000004492a00000) (1024K)]
  0x000001876ba96d80 JavaThread "Java indexing"              daemon [_thread_blocked, id=41228, stack(0x0000004492d00000,0x0000004492e00000) (1024K)]
  0x000001876ba96060 JavaThread "Worker-2: Initialize workspace"        [_thread_in_vm, id=41300, stack(0x0000004493000000,0x0000004493100000) (1024K)]
  0x000001876ba98130 JavaThread "Worker-3"                          [_thread_blocked, id=41396, stack(0x0000004493100000,0x0000004493200000) (1024K)]
  0x000001876ba966f0 JavaThread "Thread-1"                   daemon [_thread_in_native, id=41416, stack(0x0000004493200000,0x0000004493300000) (1024K)]
  0x000001876ba987c0 JavaThread "Thread-2"                   daemon [_thread_in_native, id=41420, stack(0x0000004493300000,0x0000004493400000) (1024K)]
  0x000001876c01c5f0 JavaThread "Thread-3"                   daemon [_thread_in_native, id=41424, stack(0x0000004493400000,0x0000004493500000) (1024K)]
  0x000001876c01b8d0 JavaThread "Thread-4"                   daemon [_thread_in_native, id=41428, stack(0x0000004493500000,0x0000004493600000) (1024K)]
  0x000001876c01d310 JavaThread "Thread-5"                   daemon [_thread_in_native, id=41432, stack(0x0000004493600000,0x0000004493700000) (1024K)]
  0x000001876c01d9a0 JavaThread "Thread-6"                   daemon [_thread_in_native, id=41436, stack(0x0000004493700000,0x0000004493800000) (1024K)]
  0x000001876c01a520 JavaThread "Thread-7"                   daemon [_thread_in_native, id=41440, stack(0x0000004493800000,0x0000004493900000) (1024K)]
  0x000001876c01cc80 JavaThread "Thread-8"                   daemon [_thread_in_native, id=41444, stack(0x0000004493900000,0x0000004493a00000) (1024K)]
  0x000001876c01abb0 JavaThread "Thread-9"                   daemon [_thread_in_native, id=41448, stack(0x0000004493a00000,0x0000004493b00000) (1024K)]
  0x000001876c01b240 JavaThread "Thread-10"                  daemon [_thread_in_native, id=41452, stack(0x0000004493b00000,0x0000004493c00000) (1024K)]
  0x000001876c01bf60 JavaThread "Thread-11"                  daemon [_thread_in_native, id=41456, stack(0x0000004493c00000,0x0000004493d00000) (1024K)]
  0x000001876f3612a0 JavaThread "Thread-12"                  daemon [_thread_in_native, id=41460, stack(0x0000004493d00000,0x0000004493e00000) (1024K)]
  0x000001876f362650 JavaThread "Thread-13"                  daemon [_thread_in_native, id=41464, stack(0x0000004493e00000,0x0000004493f00000) (1024K)]
  0x000001876f363a00 JavaThread "Thread-14"                  daemon [_thread_in_native, id=41468, stack(0x0000004493f00000,0x0000004494000000) (1024K)]
  0x000001876f360c10 JavaThread "Thread-15"                  daemon [_thread_in_native, id=41472, stack(0x0000004494000000,0x0000004494100000) (1024K)]
  0x000001876f361930 JavaThread "Thread-16"                  daemon [_thread_in_native, id=41476, stack(0x0000004494100000,0x0000004494200000) (1024K)]
  0x000001876f362ce0 JavaThread "Thread-17"                  daemon [_thread_in_native, id=41480, stack(0x0000004494200000,0x0000004494300000) (1024K)]
  0x000001876f363370 JavaThread "Thread-18"                  daemon [_thread_in_native, id=41484, stack(0x0000004494300000,0x0000004494400000) (1024K)]
  0x000001876f360580 JavaThread "Thread-19"                  daemon [_thread_in_native, id=41488, stack(0x0000004494400000,0x0000004494500000) (1024K)]
  0x000001876f364090 JavaThread "Thread-20"                  daemon [_thread_in_native, id=41492, stack(0x0000004494500000,0x0000004494600000) (1024K)]
  0x000001876f364720 JavaThread "Thread-21"                  daemon [_thread_in_native, id=41496, stack(0x0000004494600000,0x0000004494700000) (1024K)]
  0x000001876f364db0 JavaThread "pool-2-thread-1"                   [_thread_blocked, id=41512, stack(0x0000004494700000,0x0000004494800000) (1024K)]
  0x000001876f365440 JavaThread "Worker-4"                          [_thread_blocked, id=41552, stack(0x0000004494800000,0x0000004494900000) (1024K)]
  0x000001876f361fc0 JavaThread "WorkspaceEventsHandler"            [_thread_blocked, id=41868, stack(0x0000004494a00000,0x0000004494b00000) (1024K)]
  0x000001876f366160 JavaThread "pool-1-thread-1"                   [_thread_blocked, id=41872, stack(0x0000004494b00000,0x0000004494c00000) (1024K)]
  0x000001876f365ad0 JavaThread "ForkJoinPool.commonPool-worker-1" daemon [_thread_blocked, id=41324, stack(0x0000004494d00000,0x0000004494e00000) (1024K)]
  0x000001876f3667f0 JavaThread "ForkJoinPool.commonPool-worker-2" daemon [_thread_blocked, id=26836, stack(0x0000004494e00000,0x0000004494f00000) (1024K)]
  0x000001876f366e80 JavaThread "ForkJoinPool.commonPool-worker-3" daemon [_thread_blocked, id=18720, stack(0x0000004494f00000,0x0000004495000000) (1024K)]
  0x000001876f367510 JavaThread "ForkJoinPool.commonPool-worker-4" daemon [_thread_blocked, id=38604, stack(0x0000004495000000,0x0000004495100000) (1024K)]
  0x000001876f367ba0 JavaThread "ForkJoinPool.commonPool-worker-5" daemon [_thread_blocked, id=40504, stack(0x0000004495100000,0x0000004495200000) (1024K)]
  0x000001876e620f30 JavaThread "ForkJoinPool.commonPool-worker-6" daemon [_thread_blocked, id=38740, stack(0x0000004495200000,0x0000004495300000) (1024K)]
  0x000001876e61f4f0 JavaThread "ForkJoinPool.commonPool-worker-7" daemon [_thread_blocked, id=41356, stack(0x0000004495300000,0x0000004495400000) (1024K)]
  0x000001876e6215c0 JavaThread "ForkJoinPool.commonPool-worker-8" daemon [_thread_blocked, id=41332, stack(0x0000004495400000,0x0000004495500000) (1024K)]
  0x000001876e61ee60 JavaThread "ForkJoinPool.commonPool-worker-9" daemon [_thread_blocked, id=31936, stack(0x0000004495500000,0x0000004495600000) (1024K)]
  0x000001876e621c50 JavaThread "ForkJoinPool.commonPool-worker-10" daemon [_thread_blocked, id=40572, stack(0x0000004495600000,0x0000004495700000) (1024K)]
  0x000001876e61fb80 JavaThread "ForkJoinPool.commonPool-worker-11" daemon [_thread_blocked, id=40436, stack(0x0000004495700000,0x0000004495800000) (1024K)]
  0x000001876c974a50 JavaThread "C2 CompilerThread1"         daemon [_thread_in_native, id=19256, stack(0x0000004491a00000,0x0000004491b00000) (1024K)]
  0x000001876c975120 JavaThread "C2 CompilerThread2"         daemon [_thread_blocked, id=16772, stack(0x0000004492400000,0x0000004492500000) (1024K)]
  0x000001876c972f10 JavaThread "C2 CompilerThread3"         daemon [_thread_blocked, id=35528, stack(0x0000004492c00000,0x0000004492d00000) (1024K)]
=>0x000001876c9757f0 JavaThread "C2 CompilerThread4"         daemon [_thread_in_native, id=41852, stack(0x0000004494900000,0x0000004494a00000) (1024K)]
Total: 64

Other Threads:
  0x000001870b86e910 VMThread "VM Thread"                           [id=40892, stack(0x0000004490400000,0x0000004490500000) (1024K)]
  0x000001870b65ca10 WatcherThread "VM Periodic Task Thread"        [id=8812, stack(0x0000004490300000,0x0000004490400000) (1024K)]
  0x000001870b7eb680 WorkerThread "GC Thread#0"                     [id=40688, stack(0x0000004490200000,0x0000004490300000) (1024K)]
  0x000001876b04d5a0 WorkerThread "GC Thread#1"                     [id=40160, stack(0x0000004491400000,0x0000004491500000) (1024K)]
  0x0000018766be6450 WorkerThread "GC Thread#2"                     [id=38624, stack(0x0000004491500000,0x0000004491600000) (1024K)]
  0x0000018766be00a0 WorkerThread "GC Thread#3"                     [id=17644, stack(0x0000004491600000,0x0000004491700000) (1024K)]
  0x0000018766a5d6a0 WorkerThread "GC Thread#4"                     [id=39992, stack(0x0000004491700000,0x0000004491800000) (1024K)]
  0x0000018766be0450 WorkerThread "GC Thread#5"                     [id=9352, stack(0x0000004491800000,0x0000004491900000) (1024K)]
  0x0000018766be0800 WorkerThread "GC Thread#6"                     [id=38608, stack(0x0000004491900000,0x0000004491a00000) (1024K)]
  0x000001876b4d5e80 WorkerThread "GC Thread#7"                     [id=40152, stack(0x0000004491c00000,0x0000004491d00000) (1024K)]
  0x000001876b323ba0 WorkerThread "GC Thread#8"                     [id=40064, stack(0x0000004492000000,0x0000004492100000) (1024K)]
  0x000001876b323f50 WorkerThread "GC Thread#9"                     [id=24260, stack(0x0000004492100000,0x0000004492200000) (1024K)]
  0x000001876b700ab0 WorkerThread "GC Thread#10"                    [id=38420, stack(0x0000004492200000,0x0000004492300000) (1024K)]
  0x000001876b6fe890 WorkerThread "GC Thread#11"                    [id=40016, stack(0x0000004492500000,0x0000004492600000) (1024K)]
  0x000001876b67efe0 WorkerThread "GC Thread#12"                    [id=13672, stack(0x0000004492600000,0x0000004492700000) (1024K)]
  0x000001876b67a9e0 WorkerThread "GC Thread#13"                    [id=24048, stack(0x0000004492a00000,0x0000004492b00000) (1024K)]
  0x000001876b67a280 WorkerThread "GC Thread#14"                    [id=15700, stack(0x0000004492b00000,0x0000004492c00000) (1024K)]
Total: 17

Threads with active compile tasks:
C1 CompilerThread0  20701 11119       3       org.eclipse.jdt.internal.compiler.parser.Parser::consumeRule (7843 bytes)
C2 CompilerThread1  20701 11114       4       org.eclipse.jdt.internal.compiler.parser.Scanner::internalScanIdentifierOrKeyword (5041 bytes)
C2 CompilerThread4  20701 11084 %     4       java.util.Properties::load0 @ 8 (249 bytes)
Total: 3

VM state: not at safepoint (normal execution)

VM Mutex/Monitor currently owned by a thread: None

Heap address: 0x0000000080000000, size: 2048 MB, Compressed Oops mode: 32-bit

CDS archive(s) mapped at: [0x0000018723000000-0x0000018723ba0000-0x0000018723ba0000), size 12189696, SharedBaseAddress: 0x0000018723000000, ArchiveRelocationMode: 1.
Compressed class space mapped at: 0x0000018724000000-0x0000018764000000, reserved size: 1073741824
Narrow klass base: 0x0000018723000000, Narrow klass shift: 0, Narrow klass range: 0x100000000

GC Precious Log:
 CardTable entry size: 512
 CPUs: 20 total, 20 available
 Memory: 16013M
 Large Page Support: Disabled
 NUMA Support: Disabled
 Compressed Oops: Enabled (32-bit)
 Alignments: Space 512K, Generation 512K, Heap 2M
 Heap Min Capacity: 100M
 Heap Initial Capacity: 100M
 Heap Max Capacity: 2G
 Pre-touch: Disabled
 Parallel Workers: 15

Heap:
 PSYoungGen      total 20992K, used 11426K [0x00000000d5580000, 0x00000000d6b00000, 0x0000000100000000)
  eden space 19968K, 57% used [0x00000000d5580000,0x00000000d60a88e0,0x00000000d6900000)
  from space 1024K, 0% used [0x00000000d6980000,0x00000000d6980000,0x00000000d6a80000)
  to   space 512K, 0% used [0x00000000d6a80000,0x00000000d6a80000,0x00000000d6b00000)
 ParOldGen       total 71168K, used 53699K [0x0000000080000000, 0x0000000084580000, 0x00000000d5580000)
  object space 71168K, 75% used [0x0000000080000000,0x0000000083470e88,0x0000000084580000)
 Metaspace       used 60169K, committed 61568K, reserved 1114112K
  class space    used 6475K, committed 7104K, reserved 1048576K

Card table byte_map: [0x000001870b170000,0x000001870b580000] _byte_map_base: 0x000001870ad70000

Marking Bits: (ParMarkBitMap*) 0x00007ff9b8ae3450
 Begin Bits: [0x000001871dc80000, 0x000001871fc80000)
 End Bits:   [0x000001871fc80000, 0x0000018721c80000)

Polling page: 0x0000018709310000

Metaspace:

Usage:
  Non-class:     52.44 MB used.
      Class:      6.32 MB used.
       Both:     58.76 MB used.

Virtual space:
  Non-class space:       64.00 MB reserved,      53.19 MB ( 83%) committed,  1 nodes.
      Class space:        1.00 GB reserved,       6.94 MB ( <1%) committed,  1 nodes.
             Both:        1.06 GB reserved,      60.12 MB (  6%) committed. 

Chunk freelists:
   Non-Class:  10.41 MB
       Class:  8.94 MB
        Both:  19.34 MB

MaxMetaspaceSize: unlimited
CompressedClassSpaceSize: 1.00 GB
Initial GC threshold: 21.00 MB
Current GC threshold: 97.31 MB
CDS: on
 - commit_granule_bytes: 65536.
 - commit_granule_words: 8192.
 - virtual_space_node_default_size: 8388608.
 - enlarge_chunks_in_place: 1.
 - use_allocation_guard: 0.


Internal statistics:

num_allocs_failed_limit: 13.
num_arena_births: 1106.
num_arena_deaths: 22.
num_vsnodes_births: 2.
num_vsnodes_deaths: 0.
num_space_committed: 962.
num_space_uncommitted: 0.
num_chunks_returned_to_freelist: 39.
num_chunks_taken_from_freelist: 3756.
num_chunk_merges: 17.
num_chunk_splits: 2292.
num_chunks_enlarged: 1260.
num_inconsistent_stats: 0.

CodeHeap 'non-profiled nmethods': size=119168Kb used=6802Kb max_used=6997Kb free=112365Kb
 bounds [0x0000018716570000, 0x0000018716c50000, 0x000001871d9d0000]
CodeHeap 'profiled nmethods': size=119104Kb used=22469Kb max_used=23193Kb free=96634Kb
 bounds [0x000001870e9d0000, 0x0000018710080000, 0x0000018715e20000]
CodeHeap 'non-nmethods': size=7488Kb used=1430Kb max_used=3179Kb free=6057Kb
 bounds [0x0000018715e20000, 0x00000187161a0000, 0x0000018716570000]
CodeCache: size=245760Kb, used=30701Kb, max_used=33369Kb, free=215056Kb
 total_blobs=11022, nmethods=10283, adapters=645, full_count=0
Compilation: enabled, stopped_count=0, restarted_count=0

Compilation events (20 events):
Event: 19.570 Thread 0x000001870b881480 11096       4       java.util.Properties$LineReader::readLine (584 bytes)
Event: 19.572 Thread 0x00000187646be350 11097 %     3       org.eclipse.jdt.internal.compiler.parser.Parser::computeReverseTable @ 17 (92 bytes)
Event: 19.572 Thread 0x00000187646be350 nmethod 11097% 0x000001870eda2990 code [0x000001870eda2b80, 0x000001870eda3178]
Event: 19.573 Thread 0x000001876c975120 11098 %     4       org.eclipse.jdt.internal.compiler.parser.Parser::computeReverseTable @ 51 (92 bytes)
Event: 19.573 Thread 0x00000187646be350 11099       3       org.eclipse.jdt.internal.compiler.util.Util::getInputStreamAsByteArray (5 bytes)
Event: 19.573 Thread 0x00000187646be350 nmethod 11099 0x000001870eb22590 code [0x000001870eb22740, 0x000001870eb228f8]
Event: 19.573 Thread 0x000001876c974380 11100   !   3       org.eclipse.jdt.internal.compiler.parser.Parser::readTable (173 bytes)
Event: 19.574 Thread 0x000001876c974380 nmethod 11100 0x000001870ecb7f90 code [0x000001870ecb8240, 0x000001870ecb8ed8]
Event: 19.582 Thread 0x00000187646be350 11101       1       java.lang.ClassLoader::findResource (2 bytes)
Event: 19.582 Thread 0x00000187646be350 nmethod 11101 0x00000187165a1b90 code [0x00000187165a1d20, 0x00000187165a1df0]
Event: 19.583 Thread 0x000001876c975120 nmethod 11098% 0x00000187166e1410 code [0x00000187166e15c0, 0x00000187166e19d8]
Event: 19.593 Thread 0x000001876c972f10 11102       4       java.util.ArrayList::contains (14 bytes)
Event: 19.596 Thread 0x000001870b881480 nmethod 11096 0x0000018716733110 code [0x0000018716733360, 0x00000187167345f8]
Event: 19.598 Thread 0x000001876c972f10 nmethod 11102 0x000001871674b010 code [0x000001871674b1a0, 0x000001871674b418]
Event: 19.605 Thread 0x000001876c972f10 11104       4       org.osgi.framework.Version::toString0 (102 bytes)
Event: 19.606 Thread 0x000001876c975120 11103       4       org.osgi.framework.Version::toString (5 bytes)
Event: 19.607 Thread 0x000001870b881480 11106       4       jdk.internal.org.objectweb.asm.ByteVector::putByteArray (49 bytes)
Event: 19.609 Thread 0x000001870b881480 nmethod 11106 0x0000018716622810 code [0x00000187166229a0, 0x0000018716622b30]
Event: 19.610 Thread 0x000001876c972f10 nmethod 11104 0x0000018716665310 code [0x0000018716665520, 0x0000018716665920]
Event: 19.611 Thread 0x000001876c975120 nmethod 11103 0x0000018716718190 code [0x00000187167183a0, 0x00000187167187a0]

GC Heap History (20 events):
Event: 18.938 GC heap before
{Heap before GC invocations=51 (full 2):
 PSYoungGen      total 21504K, used 21407K [0x00000000d5580000, 0x00000000d6b80000, 0x0000000100000000)
  eden space 20480K, 100% used [0x00000000d5580000,0x00000000d6980000,0x00000000d6980000)
  from space 1024K, 90% used [0x00000000d6a80000,0x00000000d6b67d78,0x00000000d6b80000)
  to   space 1024K, 0% used [0x00000000d6980000,0x00000000d6980000,0x00000000d6a80000)
 ParOldGen       total 68608K, used 68202K [0x0000000080000000, 0x0000000084300000, 0x00000000d5580000)
  object space 68608K, 99% used [0x0000000080000000,0x000000008429a928,0x0000000084300000)
 Metaspace       used 58061K, committed 59520K, reserved 1114112K
  class space    used 6239K, committed 6912K, reserved 1048576K
}
Event: 18.940 GC heap after
{Heap after GC invocations=51 (full 2):
 PSYoungGen      total 21504K, used 700K [0x00000000d5580000, 0x00000000d6b80000, 0x0000000100000000)
  eden space 20480K, 0% used [0x00000000d5580000,0x00000000d5580000,0x00000000d6980000)
  from space 1024K, 68% used [0x00000000d6980000,0x00000000d6a2f2b8,0x00000000d6a80000)
  to   space 1024K, 0% used [0x00000000d6a80000,0x00000000d6a80000,0x00000000d6b80000)
 ParOldGen       total 69120K, used 68744K [0x0000000080000000, 0x0000000084380000, 0x00000000d5580000)
  object space 69120K, 99% used [0x0000000080000000,0x00000000843221c8,0x0000000084380000)
 Metaspace       used 58061K, committed 59520K, reserved 1114112K
  class space    used 6239K, committed 6912K, reserved 1048576K
}
Event: 18.978 GC heap before
{Heap before GC invocations=52 (full 2):
 PSYoungGen      total 21504K, used 21180K [0x00000000d5580000, 0x00000000d6b80000, 0x0000000100000000)
  eden space 20480K, 100% used [0x00000000d5580000,0x00000000d6980000,0x00000000d6980000)
  from space 1024K, 68% used [0x00000000d6980000,0x00000000d6a2f2b8,0x00000000d6a80000)
  to   space 1024K, 0% used [0x00000000d6a80000,0x00000000d6a80000,0x00000000d6b80000)
 ParOldGen       total 69120K, used 68744K [0x0000000080000000, 0x0000000084380000, 0x00000000d5580000)
  object space 69120K, 99% used [0x0000000080000000,0x00000000843221c8,0x0000000084380000)
 Metaspace       used 58061K, committed 59520K, reserved 1114112K
  class space    used 6239K, committed 6912K, reserved 1048576K
}
Event: 18.980 GC heap after
{Heap after GC invocations=52 (full 2):
 PSYoungGen      total 21504K, used 448K [0x00000000d5580000, 0x00000000d6b80000, 0x0000000100000000)
  eden space 20480K, 0% used [0x00000000d5580000,0x00000000d5580000,0x00000000d6980000)
  from space 1024K, 43% used [0x00000000d6a80000,0x00000000d6af0000,0x00000000d6b80000)
  to   space 1024K, 0% used [0x00000000d6980000,0x00000000d6980000,0x00000000d6a80000)
 ParOldGen       total 69120K, used 68840K [0x0000000080000000, 0x0000000084380000, 0x00000000d5580000)
  object space 69120K, 99% used [0x0000000080000000,0x000000008433a1c8,0x0000000084380000)
 Metaspace       used 58061K, committed 59520K, reserved 1114112K
  class space    used 6239K, committed 6912K, reserved 1048576K
}
Event: 19.031 GC heap before
{Heap before GC invocations=53 (full 2):
 PSYoungGen      total 21504K, used 20928K [0x00000000d5580000, 0x00000000d6b80000, 0x0000000100000000)
  eden space 20480K, 100% used [0x00000000d5580000,0x00000000d6980000,0x00000000d6980000)
  from space 1024K, 43% used [0x00000000d6a80000,0x00000000d6af0000,0x00000000d6b80000)
  to   space 1024K, 0% used [0x00000000d6980000,0x00000000d6980000,0x00000000d6a80000)
 ParOldGen       total 69120K, used 68840K [0x0000000080000000, 0x0000000084380000, 0x00000000d5580000)
  object space 69120K, 99% used [0x0000000080000000,0x000000008433a1c8,0x0000000084380000)
 Metaspace       used 58073K, committed 59520K, reserved 1114112K
  class space    used 6239K, committed 6912K, reserved 1048576K
}
Event: 19.032 GC heap after
{Heap after GC invocations=53 (full 2):
 PSYoungGen      total 21504K, used 747K [0x00000000d5580000, 0x00000000d6b80000, 0x0000000100000000)
  eden space 20480K, 0% used [0x00000000d5580000,0x00000000d5580000,0x00000000d6980000)
  from space 1024K, 73% used [0x00000000d6980000,0x00000000d6a3afc0,0x00000000d6a80000)
  to   space 1024K, 0% used [0x00000000d6a80000,0x00000000d6a80000,0x00000000d6b80000)
 ParOldGen       total 69120K, used 68952K [0x0000000080000000, 0x0000000084380000, 0x00000000d5580000)
  object space 69120K, 99% used [0x0000000080000000,0x00000000843561c8,0x0000000084380000)
 Metaspace       used 58073K, committed 59520K, reserved 1114112K
  class space    used 6239K, committed 6912K, reserved 1048576K
}
Event: 19.082 GC heap before
{Heap before GC invocations=54 (full 2):
 PSYoungGen      total 21504K, used 21227K [0x00000000d5580000, 0x00000000d6b80000, 0x0000000100000000)
  eden space 20480K, 100% used [0x00000000d5580000,0x00000000d6980000,0x00000000d6980000)
  from space 1024K, 73% used [0x00000000d6980000,0x00000000d6a3afc0,0x00000000d6a80000)
  to   space 1024K, 0% used [0x00000000d6a80000,0x00000000d6a80000,0x00000000d6b80000)
 ParOldGen       total 69120K, used 68952K [0x0000000080000000, 0x0000000084380000, 0x00000000d5580000)
  object space 69120K, 99% used [0x0000000080000000,0x00000000843561c8,0x0000000084380000)
 Metaspace       used 58103K, committed 59520K, reserved 1114112K
  class space    used 6239K, committed 6912K, reserved 1048576K
}
Event: 19.083 GC heap after
{Heap after GC invocations=54 (full 2):
 PSYoungGen      total 21504K, used 576K [0x00000000d5580000, 0x00000000d6b80000, 0x0000000100000000)
  eden space 20480K, 0% used [0x00000000d5580000,0x00000000d5580000,0x00000000d6980000)
  from space 1024K, 56% used [0x00000000d6a80000,0x00000000d6b10000,0x00000000d6b80000)
  to   space 1024K, 0% used [0x00000000d6980000,0x00000000d6980000,0x00000000d6a80000)
 ParOldGen       total 69120K, used 69064K [0x0000000080000000, 0x0000000084380000, 0x00000000d5580000)
  object space 69120K, 99% used [0x0000000080000000,0x00000000843721c8,0x0000000084380000)
 Metaspace       used 58103K, committed 59520K, reserved 1114112K
  class space    used 6239K, committed 6912K, reserved 1048576K
}
Event: 19.165 GC heap before
{Heap before GC invocations=55 (full 2):
 PSYoungGen      total 21504K, used 21056K [0x00000000d5580000, 0x00000000d6b80000, 0x0000000100000000)
  eden space 20480K, 100% used [0x00000000d5580000,0x00000000d6980000,0x00000000d6980000)
  from space 1024K, 56% used [0x00000000d6a80000,0x00000000d6b10000,0x00000000d6b80000)
  to   space 1024K, 0% used [0x00000000d6980000,0x00000000d6980000,0x00000000d6a80000)
 ParOldGen       total 69120K, used 69064K [0x0000000080000000, 0x0000000084380000, 0x00000000d5580000)
  object space 69120K, 99% used [0x0000000080000000,0x00000000843721c8,0x0000000084380000)
 Metaspace       used 58215K, committed 59648K, reserved 1114112K
  class space    used 6255K, committed 6912K, reserved 1048576K
}
Event: 19.166 GC heap after
{Heap after GC invocations=55 (full 2):
 PSYoungGen      total 21504K, used 745K [0x00000000d5580000, 0x00000000d6b80000, 0x0000000100000000)
  eden space 20480K, 0% used [0x00000000d5580000,0x00000000d5580000,0x00000000d6980000)
  from space 1024K, 72% used [0x00000000d6980000,0x00000000d6a3a688,0x00000000d6a80000)
  to   space 1024K, 0% used [0x00000000d6a80000,0x00000000d6a80000,0x00000000d6b80000)
 ParOldGen       total 69632K, used 69248K [0x0000000080000000, 0x0000000084400000, 0x00000000d5580000)
  object space 69632K, 99% used [0x0000000080000000,0x00000000843a01c8,0x0000000084400000)
 Metaspace       used 58215K, committed 59648K, reserved 1114112K
  class space    used 6255K, committed 6912K, reserved 1048576K
}
Event: 19.207 GC heap before
{Heap before GC invocations=56 (full 2):
 PSYoungGen      total 21504K, used 21225K [0x00000000d5580000, 0x00000000d6b80000, 0x0000000100000000)
  eden space 20480K, 100% used [0x00000000d5580000,0x00000000d6980000,0x00000000d6980000)
  from space 1024K, 72% used [0x00000000d6980000,0x00000000d6a3a688,0x00000000d6a80000)
  to   space 1024K, 0% used [0x00000000d6a80000,0x00000000d6a80000,0x00000000d6b80000)
 ParOldGen       total 69632K, used 69248K [0x0000000080000000, 0x0000000084400000, 0x00000000d5580000)
  object space 69632K, 99% used [0x0000000080000000,0x00000000843a01c8,0x0000000084400000)
 Metaspace       used 58220K, committed 59648K, reserved 1114112K
  class space    used 6255K, committed 6912K, reserved 1048576K
}
Event: 19.208 GC heap after
{Heap after GC invocations=56 (full 2):
 PSYoungGen      total 20992K, used 1021K [0x00000000d5580000, 0x00000000d6c80000, 0x0000000100000000)
  eden space 19968K, 0% used [0x00000000d5580000,0x00000000d5580000,0x00000000d6900000)
  from space 1024K, 99% used [0x00000000d6a80000,0x00000000d6b7f4f8,0x00000000d6b80000)
  to   space 1536K, 0% used [0x00000000d6900000,0x00000000d6900000,0x00000000d6a80000)
 ParOldGen       total 69632K, used 69601K [0x0000000080000000, 0x0000000084400000, 0x00000000d5580000)
  object space 69632K, 99% used [0x0000000080000000,0x00000000843f85c8,0x0000000084400000)
 Metaspace       used 58220K, committed 59648K, reserved 1114112K
  class space    used 6255K, committed 6912K, reserved 1048576K
}
Event: 19.248 GC heap before
{Heap before GC invocations=57 (full 2):
 PSYoungGen      total 20992K, used 20989K [0x00000000d5580000, 0x00000000d6c80000, 0x0000000100000000)
  eden space 19968K, 100% used [0x00000000d5580000,0x00000000d6900000,0x00000000d6900000)
  from space 1024K, 99% used [0x00000000d6a80000,0x00000000d6b7f4f8,0x00000000d6b80000)
  to   space 1536K, 0% used [0x00000000d6900000,0x00000000d6900000,0x00000000d6a80000)
 ParOldGen       total 69632K, used 69601K [0x0000000080000000, 0x0000000084400000, 0x00000000d5580000)
  object space 69632K, 99% used [0x0000000080000000,0x00000000843f85c8,0x0000000084400000)
 Metaspace       used 58227K, committed 59648K, reserved 1114112K
  class space    used 6255K, committed 6912K, reserved 1048576K
}
Event: 19.249 GC heap after
{Heap after GC invocations=57 (full 2):
 PSYoungGen      total 21504K, used 893K [0x00000000d5580000, 0x00000000d6c00000, 0x0000000100000000)
  eden space 19968K, 0% used [0x00000000d5580000,0x00000000d5580000,0x00000000d6900000)
  from space 1536K, 58% used [0x00000000d6900000,0x00000000d69df668,0x00000000d6a80000)
  to   space 1536K, 0% used [0x00000000d6a80000,0x00000000d6a80000,0x00000000d6c00000)
 ParOldGen       total 70144K, used 70009K [0x0000000080000000, 0x0000000084480000, 0x00000000d5580000)
  object space 70144K, 99% used [0x0000000080000000,0x000000008445e5c8,0x0000000084480000)
 Metaspace       used 58227K, committed 59648K, reserved 1114112K
  class space    used 6255K, committed 6912K, reserved 1048576K
}
Event: 19.281 GC heap before
{Heap before GC invocations=58 (full 2):
 PSYoungGen      total 21504K, used 20861K [0x00000000d5580000, 0x00000000d6c00000, 0x0000000100000000)
  eden space 19968K, 100% used [0x00000000d5580000,0x00000000d6900000,0x00000000d6900000)
  from space 1536K, 58% used [0x00000000d6900000,0x00000000d69df668,0x00000000d6a80000)
  to   space 1536K, 0% used [0x00000000d6a80000,0x00000000d6a80000,0x00000000d6c00000)
 ParOldGen       total 70144K, used 70009K [0x0000000080000000, 0x0000000084480000, 0x00000000d5580000)
  object space 70144K, 99% used [0x0000000080000000,0x000000008445e5c8,0x0000000084480000)
 Metaspace       used 58231K, committed 59648K, reserved 1114112K
  class space    used 6255K, committed 6912K, reserved 1048576K
}
Event: 19.282 GC heap after
{Heap after GC invocations=58 (full 2):
 PSYoungGen      total 20992K, used 561K [0x00000000d5580000, 0x00000000d6b80000, 0x0000000100000000)
  eden space 19968K, 0% used [0x00000000d5580000,0x00000000d5580000,0x00000000d6900000)
  from space 1024K, 54% used [0x00000000d6a80000,0x00000000d6b0c400,0x00000000d6b80000)
  to   space 1024K, 0% used [0x00000000d6980000,0x00000000d6980000,0x00000000d6a80000)
 ParOldGen       total 70656K, used 70433K [0x0000000080000000, 0x0000000084500000, 0x00000000d5580000)
  object space 70656K, 99% used [0x0000000080000000,0x00000000844c85c8,0x0000000084500000)
 Metaspace       used 58231K, committed 59648K, reserved 1114112K
  class space    used 6255K, committed 6912K, reserved 1048576K
}
Event: 19.355 GC heap before
{Heap before GC invocations=59 (full 2):
 PSYoungGen      total 20992K, used 13040K [0x00000000d5580000, 0x00000000d6b80000, 0x0000000100000000)
  eden space 19968K, 62% used [0x00000000d5580000,0x00000000d61aff00,0x00000000d6900000)
  from space 1024K, 54% used [0x00000000d6a80000,0x00000000d6b0c400,0x00000000d6b80000)
  to   space 1024K, 0% used [0x00000000d6980000,0x00000000d6980000,0x00000000d6a80000)
 ParOldGen       total 70656K, used 70433K [0x0000000080000000, 0x0000000084500000, 0x00000000d5580000)
  object space 70656K, 99% used [0x0000000080000000,0x00000000844c85c8,0x0000000084500000)
 Metaspace       used 58417K, committed 59776K, reserved 1114112K
  class space    used 6278K, committed 6912K, reserved 1048576K
}
Event: 19.357 GC heap after
{Heap after GC invocations=59 (full 2):
 PSYoungGen      total 20992K, used 706K [0x00000000d5580000, 0x00000000d6b00000, 0x0000000100000000)
  eden space 19968K, 0% used [0x00000000d5580000,0x00000000d5580000,0x00000000d6900000)
  from space 1024K, 68% used [0x00000000d6980000,0x00000000d6a308c0,0x00000000d6a80000)
  to   space 512K, 0% used [0x00000000d6a80000,0x00000000d6a80000,0x00000000d6b00000)
 ParOldGen       total 71168K, used 70666K [0x0000000080000000, 0x0000000084580000, 0x00000000d5580000)
  object space 71168K, 99% used [0x0000000080000000,0x00000000845029c8,0x0000000084580000)
 Metaspace       used 58417K, committed 59776K, reserved 1114112K
  class space    used 6278K, committed 6912K, reserved 1048576K
}
Event: 19.357 GC heap before
{Heap before GC invocations=60 (full 3):
 PSYoungGen      total 20992K, used 706K [0x00000000d5580000, 0x00000000d6b00000, 0x0000000100000000)
  eden space 19968K, 0% used [0x00000000d5580000,0x00000000d5580000,0x00000000d6900000)
  from space 1024K, 68% used [0x00000000d6980000,0x00000000d6a308c0,0x00000000d6a80000)
  to   space 512K, 0% used [0x00000000d6a80000,0x00000000d6a80000,0x00000000d6b00000)
 ParOldGen       total 71168K, used 70666K [0x0000000080000000, 0x0000000084580000, 0x00000000d5580000)
  object space 71168K, 99% used [0x0000000080000000,0x00000000845029c8,0x0000000084580000)
 Metaspace       used 58417K, committed 59776K, reserved 1114112K
  class space    used 6278K, committed 6912K, reserved 1048576K
}
Event: 19.447 GC heap after
{Heap after GC invocations=60 (full 3):
 PSYoungGen      total 20992K, used 0K [0x00000000d5580000, 0x00000000d6b00000, 0x0000000100000000)
  eden space 19968K, 0% used [0x00000000d5580000,0x00000000d5580000,0x00000000d6900000)
  from space 1024K, 0% used [0x00000000d6980000,0x00000000d6980000,0x00000000d6a80000)
  to   space 512K, 0% used [0x00000000d6a80000,0x00000000d6a80000,0x00000000d6b00000)
 ParOldGen       total 71168K, used 53699K [0x0000000080000000, 0x0000000084580000, 0x00000000d5580000)
  object space 71168K, 75% used [0x0000000080000000,0x0000000083470e88,0x0000000084580000)
 Metaspace       used 58410K, committed 59776K, reserved 1114112K
  class space    used 6276K, committed 6912K, reserved 1048576K
}

Dll operation events (12 events):
Event: 0.351 Loaded shared library c:\Users\thoma\.vscode\extensions\redhat.java-1.54.0-win32-x64\jre\21.0.10-win32-x86_64\bin\java.dll
Event: 0.500 Loaded shared library c:\Users\thoma\.vscode\extensions\redhat.java-1.54.0-win32-x64\jre\21.0.10-win32-x86_64\bin\zip.dll
Event: 0.521 Loaded shared library C:\Users\thoma\.vscode\extensions\redhat.java-1.54.0-win32-x64\jre\21.0.10-win32-x86_64\bin\instrument.dll
Event: 0.644 Loaded shared library C:\Users\thoma\.vscode\extensions\redhat.java-1.54.0-win32-x64\jre\21.0.10-win32-x86_64\bin\net.dll
Event: 0.764 Loaded shared library C:\Users\thoma\.vscode\extensions\redhat.java-1.54.0-win32-x64\jre\21.0.10-win32-x86_64\bin\nio.dll
Event: 0.766 Loaded shared library C:\Users\thoma\.vscode\extensions\redhat.java-1.54.0-win32-x64\jre\21.0.10-win32-x86_64\bin\zip.dll
Event: 0.779 Loaded shared library C:\Users\thoma\.vscode\extensions\redhat.java-1.54.0-win32-x64\jre\21.0.10-win32-x86_64\bin\jimage.dll
Event: 0.951 Loaded shared library c:\Users\thoma\.vscode\extensions\redhat.java-1.54.0-win32-x64\jre\21.0.10-win32-x86_64\bin\verify.dll
Event: 2.007 Loaded shared library C:\Users\thoma\AppData\Roaming\Code\User\globalStorage\redhat.java\1.54.0\config_win\org.eclipse.equinox.launcher\org.eclipse.equinox.launcher.win32.win32.x86_64_1.3.0.v20260203-2149\eclipse_11919.dll
Event: 4.859 Loaded shared library C:\Users\thoma\AppData\Local\Temp\jna-110336847\jna13198911708562554440.dll
Event: 6.994 Loaded shared library C:\Users\thoma\.vscode\extensions\redhat.java-1.54.0-win32-x64\jre\21.0.10-win32-x86_64\bin\sunmscapi.dll
Event: 7.548 Loaded shared library C:\Users\thoma\.vscode\extensions\redhat.java-1.54.0-win32-x64\jre\21.0.10-win32-x86_64\bin\extnet.dll

Deoptimization events (20 events):
Event: 19.469 Thread 0x000001876ba96060 DEOPT PACKING pc=0x000001870ffd1226 sp=0x00000044930fe5a0
Event: 19.469 Thread 0x000001876ba96060 DEOPT UNPACKING pc=0x0000018715e74242 sp=0x00000044930fda90 mode 0
Event: 19.570 Thread 0x000001876ba96060 DEOPT PACKING pc=0x000001870ffd1226 sp=0x00000044930fe380
Event: 19.570 Thread 0x000001876ba96060 DEOPT UNPACKING pc=0x0000018715e74242 sp=0x00000044930fd870 mode 0
Event: 19.604 Thread 0x000001876ba96060 Uncommon trap: trap_request=0xffffffc6 fr.pc=0x0000018716c3fe24 relative=0x0000000000000804
Event: 19.604 Thread 0x000001876ba96060 Uncommon trap: reason=bimorphic_or_optimized_type_check action=maybe_recompile pc=0x0000018716c3fe24 method=java.util.TimSort.countRunAndMakeAscending([Ljava/lang/Object;IILjava/util/Comparator;)I @ 68 c2
Event: 19.604 Thread 0x000001876ba96060 DEOPT PACKING pc=0x0000018716c3fe24 sp=0x00000044930fdd00
Event: 19.604 Thread 0x000001876ba96060 DEOPT UNPACKING pc=0x0000018715e73aa2 sp=0x00000044930fdca8 mode 2
Event: 19.604 Thread 0x000001876ba96060 Uncommon trap: trap_request=0xffffffc6 fr.pc=0x0000018716c3fe24 relative=0x0000000000000804
Event: 19.604 Thread 0x000001876ba96060 Uncommon trap: reason=bimorphic_or_optimized_type_check action=maybe_recompile pc=0x0000018716c3fe24 method=java.util.TimSort.countRunAndMakeAscending([Ljava/lang/Object;IILjava/util/Comparator;)I @ 68 c2
Event: 19.604 Thread 0x000001876ba96060 DEOPT PACKING pc=0x0000018716c3fe24 sp=0x00000044930fdd00
Event: 19.604 Thread 0x000001876ba96060 DEOPT UNPACKING pc=0x0000018715e73aa2 sp=0x00000044930fdca8 mode 2
Event: 19.604 Thread 0x000001876ba96060 Uncommon trap: trap_request=0xffffffc6 fr.pc=0x0000018716c3fe24 relative=0x0000000000000804
Event: 19.604 Thread 0x000001876ba96060 Uncommon trap: reason=bimorphic_or_optimized_type_check action=maybe_recompile pc=0x0000018716c3fe24 method=java.util.TimSort.countRunAndMakeAscending([Ljava/lang/Object;IILjava/util/Comparator;)I @ 68 c2
Event: 19.604 Thread 0x000001876ba96060 DEOPT PACKING pc=0x0000018716c3fe24 sp=0x00000044930fdd00
Event: 19.604 Thread 0x000001876ba96060 DEOPT UNPACKING pc=0x0000018715e73aa2 sp=0x00000044930fdca8 mode 2
Event: 19.604 Thread 0x000001876ba96060 Uncommon trap: trap_request=0xffffffc6 fr.pc=0x0000018716c3fe24 relative=0x0000000000000804
Event: 19.604 Thread 0x000001876ba96060 Uncommon trap: reason=bimorphic_or_optimized_type_check action=maybe_recompile pc=0x0000018716c3fe24 method=java.util.TimSort.countRunAndMakeAscending([Ljava/lang/Object;IILjava/util/Comparator;)I @ 68 c2
Event: 19.604 Thread 0x000001876ba96060 DEOPT PACKING pc=0x0000018716c3fe24 sp=0x00000044930fdd00
Event: 19.604 Thread 0x000001876ba96060 DEOPT UNPACKING pc=0x0000018715e73aa2 sp=0x00000044930fdca8 mode 2

Classes loaded (20 events):
Event: 15.465 Loading class jdk/internal/jimage/ImageReader$Directory
Event: 15.465 Loading class jdk/internal/jimage/ImageReader$Directory done
Event: 16.585 Loading class java/util/AbstractList$ListItr
Event: 16.585 Loading class java/util/AbstractList$ListItr done
Event: 16.613 Loading class java/nio/channels/Channels$ReadableByteChannelImpl
Event: 16.613 Loading class java/nio/channels/Channels$ReadableByteChannelImpl done
Event: 16.627 Loading class java/nio/channels/NonWritableChannelException
Event: 16.634 Loading class java/nio/channels/NonWritableChannelException done
Event: 17.706 Loading class sun/nio/cs/ISO_8859_1$Decoder
Event: 17.707 Loading class sun/nio/cs/ISO_8859_1$Decoder done
Event: 18.275 Loading class java/lang/invoke/MethodHandleImpl$CountingWrapper$1
Event: 18.275 Loading class java/lang/invoke/MethodHandleImpl$CountingWrapper$1 done
Event: 18.418 Loading class java/util/AbstractList$RandomAccessSubList
Event: 18.418 Loading class java/util/AbstractList$SubList
Event: 18.419 Loading class java/util/AbstractList$SubList done
Event: 18.419 Loading class java/util/AbstractList$RandomAccessSubList done
Event: 18.420 Loading class java/util/AbstractList$SubList$1
Event: 18.420 Loading class java/util/AbstractList$SubList$1 done
Event: 19.318 Loading class java/util/HashMap$EntrySpliterator
Event: 19.319 Loading class java/util/HashMap$EntrySpliterator done

Classes unloaded (11 events):
Event: 5.251 Thread 0x000001870b86e910 Unloading class 0x00000187241a5000 'java/lang/invoke/LambdaForm$MH+0x00000187241a5000'
Event: 5.251 Thread 0x000001870b86e910 Unloading class 0x00000187241a4c00 'java/lang/invoke/LambdaForm$MH+0x00000187241a4c00'
Event: 5.251 Thread 0x000001870b86e910 Unloading class 0x00000187241a4800 'java/lang/invoke/LambdaForm$MH+0x00000187241a4800'
Event: 5.251 Thread 0x000001870b86e910 Unloading class 0x00000187241a4400 'java/lang/invoke/LambdaForm$MH+0x00000187241a4400'
Event: 5.251 Thread 0x000001870b86e910 Unloading class 0x00000187241a4000 'java/lang/invoke/LambdaForm$BMH+0x00000187241a4000'
Event: 5.251 Thread 0x000001870b86e910 Unloading class 0x00000187241a3c00 'java/lang/invoke/LambdaForm$DMH+0x00000187241a3c00'
Event: 5.251 Thread 0x000001870b86e910 Unloading class 0x00000187241a2800 'java/lang/invoke/LambdaForm$DMH+0x00000187241a2800'
Event: 19.369 Thread 0x000001870b86e910 Unloading class 0x00000187246aa400 'java/lang/invoke/LambdaForm$DMH+0x00000187246aa400'
Event: 19.369 Thread 0x000001870b86e910 Unloading class 0x00000187246a9c00 'java/lang/invoke/LambdaForm$DMH+0x00000187246a9c00'
Event: 19.369 Thread 0x000001870b86e910 Unloading class 0x00000187246aa000 'java/lang/invoke/LambdaForm$DMH+0x00000187246aa000'
Event: 19.369 Thread 0x000001870b86e910 Unloading class 0x00000187246a9800 'java/lang/invoke/LambdaForm$DMH+0x00000187246a9800'

Classes redefined (0 events):
No events

Internal exceptions (20 events):
Event: 17.101 Thread 0x000001876ba96060 Exception <a 'java/lang/NoSuchMethodError'{0x00000000d58d15d0}: 'void java.lang.invoke.DirectMethodHandle$Holder.invokeVirtual(java.lang.Object, java.lang.Object, int)'> (0x00000000d58d15d0) 
thrown [s\src\hotspot\share\interpreter\linkResolver.cpp, line 773]
Event: 17.564 Thread 0x000001876ba96060 Exception <a 'java/lang/NoSuchMethodError'{0x00000000d5e065d0}: 'void java.lang.invoke.DirectMethodHandle$Holder.invokeInterface(java.lang.Object, java.lang.Object)'> (0x00000000d5e065d0) 
thrown [s\src\hotspot\share\interpreter\linkResolver.cpp, line 773]
Event: 17.583 Thread 0x000001876e620210 Exception <a 'java/lang/NoSuchMethodError'{0x00000000d5ef7530}: 'void java.lang.invoke.DirectMethodHandle$Holder.invokeSpecial(java.lang.Object, java.lang.Object, java.lang.Object, java.lang.Object, java.lang.Object, java.lang.Object, java.lang.Object, java.lang.Object)'> (0x00000000d5ef7530) 
thrown [s\src\hotspot\share\interpreter\linkResolver.cpp, line 773]
Event: 17.620 Thread 0x000001876e620210 Implicit null exception at 0x0000018716ab710d to 0x0000018716ab773c
Event: 17.859 Thread 0x000001876ba96060 Implicit null exception at 0x0000018716b06b22 to 0x0000018716b06cd8
Event: 17.938 Thread 0x000001876ba96060 Exception <a 'sun/nio/fs/WindowsException'{0x00000000d60d4330}> (0x00000000d60d4330) 
thrown [s\src\hotspot\share\prims\jni.cpp, line 520]
Event: 17.938 Thread 0x000001876ba96060 Exception <a 'sun/nio/fs/WindowsException'{0x00000000d60d4d08}> (0x00000000d60d4d08) 
thrown [s\src\hotspot\share\prims\jni.cpp, line 520]
Event: 18.422 Thread 0x000001876e61ee60 Exception <a 'sun/nio/fs/WindowsException'{0x00000000d59af5b8}> (0x00000000d59af5b8) 
thrown [s\src\hotspot\share\prims\jni.cpp, line 520]
Event: 18.422 Thread 0x000001876e61ee60 Exception <a 'sun/nio/fs/WindowsException'{0x00000000d59affb0}> (0x00000000d59affb0) 
thrown [s\src\hotspot\share\prims\jni.cpp, line 520]
Event: 18.422 Thread 0x000001876e61ee60 Exception <a 'sun/nio/fs/WindowsException'{0x00000000d59b0fd8}> (0x00000000d59b0fd8) 
thrown [s\src\hotspot\share\prims\jni.cpp, line 520]
Event: 18.422 Thread 0x000001876e61ee60 Exception <a 'sun/nio/fs/WindowsException'{0x00000000d6134108}> (0x00000000d6134108) 
thrown [s\src\hotspot\share\prims\jni.cpp, line 520]
Event: 18.422 Thread 0x000001876e61ee60 Exception <a 'sun/nio/fs/WindowsException'{0x00000000d6135bc8}> (0x00000000d6135bc8) 
thrown [s\src\hotspot\share\prims\jni.cpp, line 520]
Event: 18.422 Thread 0x000001876e61ee60 Exception <a 'sun/nio/fs/WindowsException'{0x00000000d61365a0}> (0x00000000d61365a0) 
thrown [s\src\hotspot\share\prims\jni.cpp, line 520]
Event: 18.427 Thread 0x000001876e61ee60 Exception <a 'sun/nio/fs/WindowsException'{0x00000000d6161d70}> (0x00000000d6161d70) 
thrown [s\src\hotspot\share\prims\jni.cpp, line 520]
Event: 18.427 Thread 0x000001876e61ee60 Exception <a 'sun/nio/fs/WindowsException'{0x00000000d6162748}> (0x00000000d6162748) 
thrown [s\src\hotspot\share\prims\jni.cpp, line 520]
Event: 18.511 Thread 0x000001876ba96060 Implicit null exception at 0x00000187169d0b26 to 0x00000187169d10f4
Event: 18.665 Thread 0x000001876ba96060 Implicit null exception at 0x0000018716bb3628 to 0x0000018716bb3f04
Event: 18.878 Thread 0x000001876ba96060 Implicit null exception at 0x0000018716be73e1 to 0x0000018716bedec8
Event: 19.323 Thread 0x000001876ba96060 Exception <a 'java/lang/NoSuchMethodError'{0x00000000d5f09f40}: 'java.lang.Object java.lang.invoke.DirectMethodHandle$Holder.invokeSpecial(java.lang.Object, java.lang.Object, int, long)'> (0x00000000d5f09f40) 
thrown [s\src\hotspot\share\interpreter\linkResolver.cpp, line 773]
Event: 19.606 Thread 0x000001876ba96060 Exception <a 'java/lang/NoSuchMethodError'{0x00000000d5e24118}: 'java.lang.Object java.lang.invoke.DirectMethodHandle$Holder.invokeVirtual(java.lang.Object, java.lang.Object, int)'> (0x00000000d5e24118) 
thrown [s\src\hotspot\share\interpreter\linkResolver.cpp, line 773]

ZGC Phase Switch (0 events):
No events

VM Operations (20 events):
Event: 19.165 Executing safepoint VM operation: ParallelGCFailedAllocation (Allocation Failure)
Event: 19.166 Executing safepoint VM operation: ParallelGCFailedAllocation (Allocation Failure) done
Event: 19.207 Executing safepoint VM operation: ParallelGCFailedAllocation (Allocation Failure)
Event: 19.208 Executing safepoint VM operation: ParallelGCFailedAllocation (Allocation Failure) done
Event: 19.248 Executing safepoint VM operation: ParallelGCFailedAllocation (Allocation Failure)
Event: 19.249 Executing safepoint VM operation: ParallelGCFailedAllocation (Allocation Failure) done
Event: 19.281 Executing safepoint VM operation: ParallelGCFailedAllocation (Allocation Failure)
Event: 19.282 Executing safepoint VM operation: ParallelGCFailedAllocation (Allocation Failure) done
Event: 19.336 Executing non-safepoint VM operation: HandshakeAllThreads (Deoptimize)
Event: 19.336 Executing non-safepoint VM operation: HandshakeAllThreads (Deoptimize) done
Event: 19.339 Executing non-safepoint VM operation: HandshakeAllThreads (Deoptimize)
Event: 19.339 Executing non-safepoint VM operation: HandshakeAllThreads (Deoptimize) done
Event: 19.355 Executing safepoint VM operation: CollectForMetadataAllocation (Metadata GC Threshold)
Event: 19.447 Executing safepoint VM operation: CollectForMetadataAllocation (Metadata GC Threshold) done
Event: 19.454 Executing non-safepoint VM operation: HandshakeAllThreads (Deoptimize)
Event: 19.455 Executing non-safepoint VM operation: HandshakeAllThreads (Deoptimize) done
Event: 19.619 Executing non-safepoint VM operation: HandshakeAllThreads (Deoptimize)
Event: 19.619 Executing non-safepoint VM operation: HandshakeAllThreads (Deoptimize) done
Event: 20.630 Executing safepoint VM operation: Cleanup
Event: 20.630 Executing safepoint VM operation: Cleanup done

Memory protections (0 events):
No events

Nmethod flushes (20 events):
Event: 19.390 Thread 0x000001870b86e910 flushing  nmethod 0x000001870f37ca90
Event: 19.390 Thread 0x000001870b86e910 flushing  nmethod 0x000001870f37f310
Event: 19.390 Thread 0x000001870b86e910 flushing  nmethod 0x000001870f37fc90
Event: 19.390 Thread 0x000001870b86e910 flushing  nmethod 0x000001870f385890
Event: 19.390 Thread 0x000001870b86e910 flushing  nmethod 0x000001870f398b90
Event: 19.390 Thread 0x000001870b86e910 flushing  nmethod 0x000001870f399190
Event: 19.390 Thread 0x000001870b86e910 flushing  nmethod 0x000001870f399890
Event: 19.390 Thread 0x000001870b86e910 flushing  nmethod 0x000001870f39a110
Event: 19.390 Thread 0x000001870b86e910 flushing  nmethod 0x000001870f39a490
Event: 19.390 Thread 0x000001870b86e910 flushing  nmethod 0x000001870f39bf10
Event: 19.390 Thread 0x000001870b86e910 flushing  nmethod 0x000001870f3b7310
Event: 19.390 Thread 0x000001870b86e910 flushing  nmethod 0x000001870f3d1810
Event: 19.390 Thread 0x000001870b86e910 flushing osr nmethod 0x000001870f3f6e90
Event: 19.390 Thread 0x000001870b86e910 flushing  nmethod 0x000001870f408110
Event: 19.390 Thread 0x000001870b86e910 flushing  nmethod 0x000001870f45bc90
Event: 19.390 Thread 0x000001870b86e910 flushing  nmethod 0x000001870f462490
Event: 19.390 Thread 0x000001870b86e910 flushing  nmethod 0x000001870f462b10
Event: 19.390 Thread 0x000001870b86e910 flushing  nmethod 0x000001870f476010
Event: 19.390 Thread 0x000001870b86e910 flushing  nmethod 0x000001870f48d890
Event: 19.390 Thread 0x000001870b86e910 flushing  nmethod 0x000001870f493110

Events (20 events):
Event: 16.525 Thread 0x000001870b88b020 Thread added: 0x000001876c9757f0
Event: 16.526 Thread 0x000001870b88b020 Thread added: 0x000001876c9735e0
Event: 16.526 Thread 0x000001870b88b020 Thread added: 0x000001876c973cb0
Event: 17.581 Thread 0x000001876ba96060 Thread added: 0x000001876e622970
Event: 17.581 Thread 0x000001876ba96060 Thread added: 0x000001876e620210
Event: 17.581 Thread 0x000001876ba96060 Thread added: 0x000001876e623d20
Event: 17.582 Thread 0x000001876ba96060 Thread added: 0x000001876e6208a0
Event: 17.582 Thread 0x000001876ba96060 Thread added: 0x000001876e625760
Event: 17.846 Thread 0x000001876e622970 Thread exited: 0x000001876e622970
Event: 17.846 Thread 0x000001876e625760 Thread exited: 0x000001876e625760
Event: 17.846 Thread 0x000001876e6208a0 Thread exited: 0x000001876e6208a0
Event: 17.846 Thread 0x000001876e623d20 Thread exited: 0x000001876e623d20
Event: 17.846 Thread 0x000001876e620210 Thread exited: 0x000001876e620210
Event: 18.219 Thread 0x000001876c973cb0 Thread exited: 0x000001876c973cb0
Event: 18.379 Thread 0x000001876c9735e0 Thread exited: 0x000001876c9735e0
Event: 18.379 Thread 0x000001876c9757f0 Thread exited: 0x000001876c9757f0
Event: 18.468 Thread 0x000001876c976590 Thread added: 0x000001876c9757f0
Event: 18.480 Thread 0x00000187646be350 Thread added: 0x000001876c9735e0
Event: 18.590 Thread 0x000001876e6222e0 Thread exited: 0x000001876e6222e0
Event: 19.565 Thread 0x000001876c9735e0 Thread exited: 0x000001876c9735e0


Dynamic libraries:
0x00007ff71b660000 - 0x00007ff71b66e000 	c:\Users\thoma\.vscode\extensions\redhat.java-1.54.0-win32-x64\jre\21.0.10-win32-x86_64\bin\java.exe
0x00007ffab9600000 - 0x00007ffab9867000 	C:\WINDOWS\SYSTEM32\ntdll.dll
0x00007ffab7f80000 - 0x00007ffab8049000 	C:\WINDOWS\System32\KERNEL32.DLL
0x00007ffab61b0000 - 0x00007ffab65a7000 	C:\WINDOWS\System32\KERNELBASE.dll
0x00007ffab67b0000 - 0x00007ffab68fb000 	C:\WINDOWS\System32\ucrtbase.dll
0x00007ffa99350000 - 0x00007ffa99368000 	c:\Users\thoma\.vscode\extensions\redhat.java-1.54.0-win32-x64\jre\21.0.10-win32-x86_64\bin\jli.dll
0x00007ffa996b0000 - 0x00007ffa996ce000 	c:\Users\thoma\.vscode\extensions\redhat.java-1.54.0-win32-x64\jre\21.0.10-win32-x86_64\bin\VCRUNTIME140.dll
0x00007ffab7460000 - 0x00007ffab7626000 	C:\WINDOWS\System32\USER32.dll
0x00007ffab7350000 - 0x00007ffab7377000 	C:\WINDOWS\System32\win32u.dll
0x00007ffab79d0000 - 0x00007ffab79fb000 	C:\WINDOWS\System32\GDI32.dll
0x00007ffa97820000 - 0x00007ffa97ab2000 	C:\WINDOWS\WinSxS\amd64_microsoft.windows.common-controls_6595b64144ccf1df_6.0.26100.8457_none_3e0b2faee331e92d\COMCTL32.dll
0x00007ffab7170000 - 0x00007ffab729c000 	C:\WINDOWS\System32\gdi32full.dll
0x00007ffab8740000 - 0x00007ffab87e9000 	C:\WINDOWS\System32\msvcrt.dll
0x00007ffab72a0000 - 0x00007ffab7343000 	C:\WINDOWS\System32\msvcp_win.dll
0x00007ffab9090000 - 0x00007ffab90c2000 	C:\WINDOWS\System32\IMM32.DLL
0x00007ffab1020000 - 0x00007ffab102c000 	c:\Users\thoma\.vscode\extensions\redhat.java-1.54.0-win32-x64\jre\21.0.10-win32-x86_64\bin\vcruntime140_1.dll
0x00007ffa6cd00000 - 0x00007ffa6cd8d000 	c:\Users\thoma\.vscode\extensions\redhat.java-1.54.0-win32-x64\jre\21.0.10-win32-x86_64\bin\msvcp140.dll
0x00007ff9b7e20000 - 0x00007ff9b8bc1000 	c:\Users\thoma\.vscode\extensions\redhat.java-1.54.0-win32-x64\jre\21.0.10-win32-x86_64\bin\server\jvm.dll
0x00007ffab7630000 - 0x00007ffab76e6000 	C:\WINDOWS\System32\ADVAPI32.dll
0x00007ffab73b0000 - 0x00007ffab7457000 	C:\WINDOWS\System32\sechost.dll
0x00007ffab7ba0000 - 0x00007ffab7cb8000 	C:\WINDOWS\System32\RPCRT4.dll
0x00007ffab8060000 - 0x00007ffab80e0000 	C:\WINDOWS\System32\WS2_32.dll
0x00007ffaa7b20000 - 0x00007ffaa7b56000 	C:\WINDOWS\SYSTEM32\WINMM.dll
0x00007ffaaf8a0000 - 0x00007ffaaf8ab000 	C:\WINDOWS\SYSTEM32\VERSION.dll
0x00007ffab5ce0000 - 0x00007ffab5d3e000 	C:\WINDOWS\SYSTEM32\POWRPROF.dll
0x00007ffab5cc0000 - 0x00007ffab5cd4000 	C:\WINDOWS\SYSTEM32\UMPDC.dll
0x00007ffab4dc0000 - 0x00007ffab4ddb000 	C:\WINDOWS\SYSTEM32\kernel.appcore.dll
0x00007ffab05e0000 - 0x00007ffab05ea000 	c:\Users\thoma\.vscode\extensions\redhat.java-1.54.0-win32-x64\jre\21.0.10-win32-x86_64\bin\jimage.dll
0x00007ffab4020000 - 0x00007ffab4262000 	C:\WINDOWS\SYSTEM32\DBGHELP.DLL
0x00007ffab9230000 - 0x00007ffab95b3000 	C:\WINDOWS\System32\combase.dll
0x00007ffab8100000 - 0x00007ffab81d9000 	C:\WINDOWS\System32\OLEAUT32.dll
0x00007ffa8ecd0000 - 0x00007ffa8ed0b000 	C:\WINDOWS\SYSTEM32\dbgcore.DLL
0x00007ffab65b0000 - 0x00007ffab6658000 	C:\WINDOWS\System32\bcryptPrimitives.dll
0x00007ffaad210000 - 0x00007ffaad21f000 	c:\Users\thoma\.vscode\extensions\redhat.java-1.54.0-win32-x64\jre\21.0.10-win32-x86_64\bin\instrument.dll
0x00007ffa99330000 - 0x00007ffa99350000 	c:\Users\thoma\.vscode\extensions\redhat.java-1.54.0-win32-x64\jre\21.0.10-win32-x86_64\bin\java.dll
0x00007ffab8810000 - 0x00007ffab8f7e000 	C:\WINDOWS\System32\SHELL32.dll
0x00007ffab6900000 - 0x00007ffab716c000 	C:\WINDOWS\System32\windows.storage.dll
0x00007ffab8f90000 - 0x00007ffab9086000 	C:\WINDOWS\System32\SHCORE.dll
0x00007ffab81e0000 - 0x00007ffab8246000 	C:\WINDOWS\System32\shlwapi.dll
0x00007ffab5f50000 - 0x00007ffab5f79000 	C:\WINDOWS\SYSTEM32\profapi.dll
0x00007ffa98730000 - 0x00007ffa98748000 	c:\Users\thoma\.vscode\extensions\redhat.java-1.54.0-win32-x64\jre\21.0.10-win32-x86_64\bin\zip.dll
0x00007ffaad060000 - 0x00007ffaad070000 	C:\Users\thoma\.vscode\extensions\redhat.java-1.54.0-win32-x64\jre\21.0.10-win32-x86_64\bin\net.dll
0x00007ffaafb60000 - 0x00007ffaafc89000 	C:\WINDOWS\SYSTEM32\WINHTTP.dll
0x00007ffab5330000 - 0x00007ffab539c000 	C:\WINDOWS\system32\mswsock.dll
0x00007ffa97320000 - 0x00007ffa97336000 	C:\Users\thoma\.vscode\extensions\redhat.java-1.54.0-win32-x64\jre\21.0.10-win32-x86_64\bin\nio.dll
0x00007ffaace10000 - 0x00007ffaace20000 	c:\Users\thoma\.vscode\extensions\redhat.java-1.54.0-win32-x64\jre\21.0.10-win32-x86_64\bin\verify.dll
0x00007ffa93e10000 - 0x00007ffa93e55000 	C:\Users\thoma\AppData\Roaming\Code\User\globalStorage\redhat.java\1.54.0\config_win\org.eclipse.equinox.launcher\org.eclipse.equinox.launcher.win32.win32.x86_64_1.3.0.v20260203-2149\eclipse_11919.dll
0x00007ffab7a00000 - 0x00007ffab7b97000 	C:\WINDOWS\System32\ole32.dll
0x00007ffab5620000 - 0x00007ffab563b000 	C:\WINDOWS\SYSTEM32\CRYPTSP.dll
0x00007ffab4d20000 - 0x00007ffab4d59000 	C:\WINDOWS\system32\rsaenh.dll
0x00007ffab53e0000 - 0x00007ffab5413000 	C:\WINDOWS\SYSTEM32\USERENV.dll
0x00007ffab5f20000 - 0x00007ffab5f4a000 	C:\WINDOWS\SYSTEM32\bcrypt.dll
0x00007ffab5610000 - 0x00007ffab561c000 	C:\WINDOWS\SYSTEM32\CRYPTBASE.dll
0x00007ffab4800000 - 0x00007ffab4832000 	C:\WINDOWS\SYSTEM32\IPHLPAPI.DLL
0x00007ffab79c0000 - 0x00007ffab79ca000 	C:\WINDOWS\System32\NSI.dll
0x00007ffa66d20000 - 0x00007ffa66d69000 	C:\Users\thoma\AppData\Local\Temp\jna-110336847\jna13198911708562554440.dll
0x00007ffab80f0000 - 0x00007ffab80f8000 	C:\WINDOWS\System32\PSAPI.DLL
0x00007ffab0eb0000 - 0x00007ffab0ecd000 	C:\WINDOWS\SYSTEM32\dhcpcsvc6.DLL
0x00007ffab0e30000 - 0x00007ffab0e55000 	C:\WINDOWS\SYSTEM32\dhcpcsvc.DLL
0x00007ffaacd30000 - 0x00007ffaacd3e000 	C:\Users\thoma\.vscode\extensions\redhat.java-1.54.0-win32-x64\jre\21.0.10-win32-x86_64\bin\sunmscapi.dll
0x00007ffab6030000 - 0x00007ffab61a8000 	C:\WINDOWS\System32\CRYPT32.dll
0x00007ffab58a0000 - 0x00007ffab58d0000 	C:\WINDOWS\SYSTEM32\ncrypt.dll
0x00007ffab5850000 - 0x00007ffab588f000 	C:\WINDOWS\SYSTEM32\NTASN1.dll
0x00007ffab48a0000 - 0x00007ffab49d2000 	C:\WINDOWS\SYSTEM32\DNSAPI.dll
0x00007ffaaf250000 - 0x00007ffaaf25b000 	C:\Windows\System32\rasadhlp.dll
0x00007ffab2c80000 - 0x00007ffab2d06000 	C:\WINDOWS\System32\fwpuclnt.dll
0x00007ffaacd00000 - 0x00007ffaacd09000 	C:\Users\thoma\.vscode\extensions\redhat.java-1.54.0-win32-x64\jre\21.0.10-win32-x86_64\bin\extnet.dll

JVMTI agents:
c:\Users\thoma\.vscode\extensions\redhat.java-1.54.0-win32-x64\lombok\lombok-1.18.39-4050.jar path:c:\Users\thoma\.vscode\extensions\redhat.java-1.54.0-win32-x64\jre\21.0.10-win32-x86_64\bin\instrument.dll, loaded, initialized, instrumentlib options:none

dbghelp: loaded successfully - version: 4.0.5 - missing functions: none
symbol engine: initialized successfully - sym options: 0x614 - pdb path: .;c:\Users\thoma\.vscode\extensions\redhat.java-1.54.0-win32-x64\jre\21.0.10-win32-x86_64\bin;C:\WINDOWS\SYSTEM32;C:\WINDOWS\WinSxS\amd64_microsoft.windows.common-controls_6595b64144ccf1df_6.0.26100.8457_none_3e0b2faee331e92d;c:\Users\thoma\.vscode\extensions\redhat.java-1.54.0-win32-x64\jre\21.0.10-win32-x86_64\bin\server;C:\Users\thoma\AppData\Roaming\Code\User\globalStorage\redhat.java\1.54.0\config_win\org.eclipse.equinox.launcher\org.eclipse.equinox.launcher.win32.win32.x86_64_1.3.0.v20260203-2149;C:\Users\thoma\AppData\Local\Temp\jna-110336847

VM Arguments:
jvm_args: --add-modules=ALL-SYSTEM --add-opens=java.base/java.util=ALL-UNNAMED --add-opens=java.base/java.lang=ALL-UNNAMED --add-opens=java.base/sun.nio.fs=ALL-UNNAMED -Declipse.application=org.eclipse.jdt.ls.core.id1 -Dosgi.bundles.defaultStartLevel=4 -Declipse.product=org.eclipse.jdt.ls.core.product -Djava.import.generatesMetadataFilesAtProjectRoot=false -DDetectVMInstallationsJob.disabled=true -Dfile.encoding=utf8 -XX:+UseParallelGC -XX:GCTimeRatio=4 -XX:AdaptiveSizePolicyWeight=90 -Dsun.zip.disableMemoryMapping=true -Xmx2G -Xms100m -Xlog:disable -javaagent:c:\Users\thoma\.vscode\extensions\redhat.java-1.54.0-win32-x64\lombok\lombok-1.18.39-4050.jar -XX:+HeapDumpOnOutOfMemoryError -XX:HeapDumpPath=c:\Users\thoma\AppData\Roaming\Code\User\workspaceStorage\15b89bb5f5f21af3b8bd2fdc59b2e550\redhat.java -Daether.dependencyCollector.impl=bf 
java_command: c:\Users\thoma\.vscode\extensions\redhat.java-1.54.0-win32-x64\server\plugins\org.eclipse.equinox.launcher_1.7.100.v20251111-0406.jar -configuration c:\Users\thoma\AppData\Roaming\Code\User\globalStorage\redhat.java\1.54.0\config_win -data c:\Users\thoma\AppData\Roaming\Code\User\workspaceStorage\15b89bb5f5f21af3b8bd2fdc59b2e550\redhat.java\jdt_ws --pipe=\\.\pipe\lsp-76da53db4552a1d648957084c53cdba0-sock
java_class_path (initial): c:\Users\thoma\.vscode\extensions\redhat.java-1.54.0-win32-x64\server\plugins\org.eclipse.equinox.launcher_1.7.100.v20251111-0406.jar
Launcher Type: SUN_STANDARD

[Global flags]
    uintx AdaptiveSizePolicyWeight                 = 90                                        {product} {command line}
     intx CICompilerCount                          = 12                                        {product} {ergonomic}
    uintx GCTimeRatio                              = 4                                         {product} {command line}
     bool HeapDumpOnOutOfMemoryError               = true                                   {manageable} {command line}
    ccstr HeapDumpPath                             = c:\Users\thoma\AppData\Roaming\Code\User\workspaceStorage\15b89bb5f5f21af3b8bd2fdc59b2e550\redhat.java         {manageable} {command line}
   size_t InitialHeapSize                          = 104857600                                 {product} {command line}
   size_t MaxHeapSize                              = 2147483648                                {product} {command line}
   size_t MaxNewSize                               = 715653120                                 {product} {ergonomic}
   size_t MinHeapDeltaBytes                        = 524288                                    {product} {ergonomic}
   size_t MinHeapSize                              = 104857600                                 {product} {command line}
   size_t NewSize                                  = 34603008                                  {product} {ergonomic}
    uintx NonNMethodCodeHeapSize                   = 7602480                                {pd product} {ergonomic}
    uintx NonProfiledCodeHeapSize                  = 122027880                              {pd product} {ergonomic}
   size_t OldSize                                  = 70254592                                  {product} {ergonomic}
    uintx ProfiledCodeHeapSize                     = 122027880                              {pd product} {ergonomic}
    uintx ReservedCodeCacheSize                    = 251658240                              {pd product} {ergonomic}
     bool SegmentedCodeCache                       = true                                      {product} {ergonomic}
   size_t SoftMaxHeapSize                          = 2147483648                             {manageable} {ergonomic}
     bool UseCompressedOops                        = true                           {product lp64_product} {ergonomic}
     bool UseLargePagesIndividualAllocation        = false                                  {pd product} {ergonomic}
     bool UseParallelGC                            = true                                      {product} {command line}

Logging:
Log output configuration:
 #0: stdout all=off uptime,level,tags foldmultilines=false
 #1: stderr all=off uptime,level,tags foldmultilines=false

Release file:
JAVA_VERSION="21.0.10" 
MODULES="java.base java.compiler java.datatransfer java.xml java.prefs java.desktop java.instrument java.logging java.management java.security.sasl java.naming java.rmi java.management.rmi java.net.http java.scripting java.security.jgss java.transaction.xa java.sql java.sql.rowset java.xml.crypto java.se java.smartcardio jdk.accessibility jdk.internal.jvmstat jdk.attach jdk.charsets jdk.internal.opt jdk.zipfs jdk.compiler jdk.crypto.ec jdk.crypto.cryptoki jdk.crypto.mscapi jdk.dynalink jdk.internal.ed jdk.editpad jdk.hotspot.agent jdk.httpserver jdk.internal.le jdk.internal.vm.ci jdk.internal.vm.compiler jdk.internal.vm.compiler.management jdk.jartool jdk.javadoc jdk.jcmd jdk.management jdk.management.agent jdk.jconsole jdk.jdeps jdk.jdwp.agent jdk.jdi jdk.jfr jdk.jshell jdk.jsobject jdk.jstatd jdk.localedata jdk.management.jfr jdk.naming.dns jdk.naming.rmi jdk.net jdk.nio.mapmode jdk.random jdk.sctp jdk.security.auth jdk.security.jgss jdk.unsupported jdk.unsupported.desktop jdk.xml.dom" 

Environment Variables:
JAVA_HOME=C:\Program Files\Eclipse Adoptium\jdk-17.0.19.10-hotspot\
PATH=C:\Users\thoma\AppData\Local\Programs\Microsoft VS Code;C:\Program Files\Eclipse Adoptium\jdk-17.0.19.10-hotspot\bin;C:\Windows\system32;C:\Windows;C:\Windows\System32\Wbem;C:\Windows\System32\WindowsPowerShell\v1.0\;C:\Windows\System32\OpenSSH\;C:\Program Files (x86)\NVIDIA Corporation\PhysX\Common;C:\Program Files\NVIDIA Corporation\NVIDIA NvDLISR;C:\WINDOWS\system32;C:\WINDOWS;C:\WINDOWS\System32\Wbem;C:\WINDOWS\System32\WindowsPowerShell\v1.0\;C:\WINDOWS\System32\OpenSSH\;C:\Program Files\Docker\Docker\resources\bin;C:\Program Files\Git\cmd;C:\Program Files\nodejs\;C:\Users\thoma\AppData\Local\Programs\Eclipse Adoptium\jdk-25.0.2.10-hotspot\bin;C:\Users\thoma\AppData\Local\Programs\Python\Python312\Scripts\;C:\Users\thoma\AppData\Local\Programs\Python\Python312\;C:\Users\thoma\AppData\Local\Programs\Python\Launcher\;C:\Users\thoma\AppData\Local\Microsoft\WindowsApps;C:\Users\thoma\AppData\Local\Programs\Microsoft VS Code\bin;C:\Users\thoma\AppData\Roaming\npm;C:\Users\thoma\AppData\Local\Python\bin;C:\src\flutter\bin
USERNAME=thoma
OS=Windows_NT
PROCESSOR_IDENTIFIER=Intel64 Family 6 Model 186 Stepping 2, GenuineIntel
TMP=C:\Users\thoma\AppData\Local\Temp
TEMP=C:\Users\thoma\AppData\Local\Temp




Periodic native trim disabled

---------------  S Y S T E M  ---------------

OS:
 Windows 11 , 64 bit Build 26100 (10.0.26100.8328)
OS uptime: 0 days 18:36 hours
Hyper-V role detected

CPU: total 20 (initial active 20) (10 cores per cpu, 2 threads per core) family 6 model 186 stepping 2 microcode 0x4122, cx8, cmov, fxsr, ht, mmx, 3dnowpref, sse, sse2, sse3, ssse3, sse4.1, sse4.2, popcnt, lzcnt, tsc, tscinvbit, avx, avx2, aes, erms, clmul, bmi1, bmi2, adx, sha, fma, vzeroupper, clflush, clflushopt, clwb, hv, serialize, rdtscp, rdpid, fsrm, f16c, cet_ibt, cet_ss
Processor Information for processor 0
  Max Mhz: 2600, Current Mhz: 2600, Mhz Limit: 2600
Processor Information for processor 1
  Max Mhz: 2600, Current Mhz: 2600, Mhz Limit: 2600
Processor Information for processor 2
  Max Mhz: 2600, Current Mhz: 2600, Mhz Limit: 2600
Processor Information for processor 3
  Max Mhz: 2600, Current Mhz: 1496, Mhz Limit: 2600
Processor Information for processor 4
  Max Mhz: 2600, Current Mhz: 2600, Mhz Limit: 2600
Processor Information for processor 5
  Max Mhz: 2600, Current Mhz: 2600, Mhz Limit: 2600
Processor Information for processor 6
  Max Mhz: 2600, Current Mhz: 2600, Mhz Limit: 2600
Processor Information for processor 7
  Max Mhz: 2600, Current Mhz: 1496, Mhz Limit: 2600
Processor Information for processor 8
  Max Mhz: 2600, Current Mhz: 2600, Mhz Limit: 2600
Processor Information for processor 9
  Max Mhz: 2600, Current Mhz: 2600, Mhz Limit: 2600
Processor Information for processor 10
  Max Mhz: 2600, Current Mhz: 2600, Mhz Limit: 2600
Processor Information for processor 11
  Max Mhz: 2600, Current Mhz: 2600, Mhz Limit: 2600
Processor Information for processor 12
  Max Mhz: 2600, Current Mhz: 1900, Mhz Limit: 1898
Processor Information for processor 13
  Max Mhz: 2600, Current Mhz: 1500, Mhz Limit: 1898
Processor Information for processor 14
  Max Mhz: 2600, Current Mhz: 1500, Mhz Limit: 1898
Processor Information for processor 15
  Max Mhz: 2600, Current Mhz: 1900, Mhz Limit: 1898
Processor Information for processor 16
  Max Mhz: 2600, Current Mhz: 1900, Mhz Limit: 1898
Processor Information for processor 17
  Max Mhz: 2600, Current Mhz: 1900, Mhz Limit: 1898
Processor Information for processor 18
  Max Mhz: 2600, Current Mhz: 1500, Mhz Limit: 1898
Processor Information for processor 19
  Max Mhz: 2600, Current Mhz: 1500, Mhz Limit: 1898

Memory: 4k page, system-wide physical 16013M (1020M free)
TotalPageFile size 22157M (AvailPageFile size 5M)
current process WorkingSet (physical memory assigned to process): 326M, peak: 328M
current process commit charge ("private bytes"): 416M, peak: 421M

vm_info: OpenJDK 64-Bit Server VM (21.0.10+7-LTS) for windows-amd64 JRE (21.0.10+7-LTS), built on 2026-01-20T00:00:00Z by "admin" with MS VC++ 17.12 (VS2022)

END.
