#
# There is insufficient memory for the Java Runtime Environment to continue.
# Native memory allocation (malloc) failed to allocate 1596656 bytes. Error detail: Chunk::new
# Possible reasons:
#   The system is out of physical RAM or swap space
#   This process is running with CompressedOops enabled, and the Java Heap may be blocking the growth of the native heap
# Possible solutions:
#   Reduce memory load on the system
#   Increase physical memory or swap space
#   Check if swap backing store is full
#   Decrease Java heap size (-Xmx/-Xms)
#   Decrease number of Java threads
#   Decrease Java thread stack sizes (-Xss)
#   Set larger code cache with -XX:ReservedCodeCacheSize=
#   JVM is running with Unscaled Compressed Oops mode in which the Java heap is
#     placed in the first 4GB address space. The Java Heap base address is the
#     maximum limit for the native heap growth. Please use -XX:HeapBaseMinAddress
#     to set the Java Heap base and to place the Java Heap above 4GB virtual address.
# This output file may be truncated or incomplete.
#
#  Out of Memory Error (arena.cpp:168), pid=40108, tid=18720
#
# JRE version: OpenJDK Runtime Environment Temurin-21.0.10+7 (21.0.10+7) (build 21.0.10+7-LTS)
# Java VM: OpenJDK 64-Bit Server VM Temurin-21.0.10+7 (21.0.10+7-LTS, mixed mode, sharing, tiered, compressed oops, compressed class ptrs, parallel gc, windows-amd64)
# No core dump will be written. Minidumps are not enabled by default on client versions of Windows
#

---------------  S U M M A R Y ------------

Command Line: --add-modules=ALL-SYSTEM --add-opens=java.base/java.util=ALL-UNNAMED --add-opens=java.base/java.lang=ALL-UNNAMED --add-opens=java.base/sun.nio.fs=ALL-UNNAMED -Declipse.application=org.eclipse.jdt.ls.core.id1 -Dosgi.bundles.defaultStartLevel=4 -Declipse.product=org.eclipse.jdt.ls.core.product -Djava.import.generatesMetadataFilesAtProjectRoot=false -DDetectVMInstallationsJob.disabled=true -Dfile.encoding=utf8 -XX:+UseParallelGC -XX:GCTimeRatio=4 -XX:AdaptiveSizePolicyWeight=90 -Dsun.zip.disableMemoryMapping=true -Xmx2G -Xms100m -Xlog:disable -javaagent:c:\Users\thoma\.vscode\extensions\redhat.java-1.54.0-win32-x64\lombok\lombok-1.18.39-4050.jar -XX:+HeapDumpOnOutOfMemoryError -XX:HeapDumpPath=c:\Users\thoma\AppData\Roaming\Code\User\workspaceStorage\15b89bb5f5f21af3b8bd2fdc59b2e550\redhat.java -Daether.dependencyCollector.impl=bf c:\Users\thoma\.vscode\extensions\redhat.java-1.54.0-win32-x64\server\plugins\org.eclipse.equinox.launcher_1.7.100.v20251111-0406.jar -configuration c:\Users\thoma\AppData\Roaming\Code\User\globalStorage\redhat.java\1.54.0\config_win -data c:\Users\thoma\AppData\Roaming\Code\User\workspaceStorage\15b89bb5f5f21af3b8bd2fdc59b2e550\redhat.java\jdt_ws --pipe=\\.\pipe\lsp-abbaae0d4409292344e7cdcdcefddf14-sock

Host: 13th Gen Intel(R) Core(TM) i9-13900H, 20 cores, 15G,  Windows 11 , 64 bit Build 26100 (10.0.26100.8328)
Time: Tue May 19 07:40:16 2026 Hora est. Pacífico, Sudamérica elapsed time: 27.507549 seconds (0d 0h 0m 27s)

---------------  T H R E A D  ---------------

Current thread (0x000001c3e21cef60):  JavaThread "C2 CompilerThread2" daemon [_thread_in_native, id=18720, stack(0x0000003ff3b00000,0x0000003ff3c00000) (1024K)]


Current CompileTask:
C2:27507 8709       4       java.lang.reflect.Field::get (39 bytes)

Stack: [0x0000003ff3b00000,0x0000003ff3c00000]
Native frames: (J=compiled Java code, j=interpreted, Vv=VM code, C=native code)
V  [jvm.dll+0x6d7a39]
V  [jvm.dll+0x8b4b26]
V  [jvm.dll+0x8b70de]
V  [jvm.dll+0x8b77c3]
V  [jvm.dll+0x284346]
V  [jvm.dll+0xc66ed]
V  [jvm.dll+0xc6c31]
V  [jvm.dll+0x3bec01]
V  [jvm.dll+0x38b162]
V  [jvm.dll+0x38a5aa]
V  [jvm.dll+0x24c560]
V  [jvm.dll+0x24bb40]
V  [jvm.dll+0x1cb34e]
V  [jvm.dll+0x25b85d]
V  [jvm.dll+0x259dea]
V  [jvm.dll+0x3f857e]
V  [jvm.dll+0x85f59d]
V  [jvm.dll+0x6d626d]
C  [ucrtbase.dll+0x37b0]
C  [KERNEL32.DLL+0x2e957]
C  [ntdll.dll+0x427c]


---------------  P R O C E S S  ---------------

Threads class SMR info:
_java_thread_list=0x000001c3e16e8f80, length=77, elements={
0x000001c3fe13c870, 0x000001c39633dbb0, 0x000001c3fe1dffd0, 0x000001c3fe1f2fd0,
0x000001c3fe1f01e0, 0x000001c3fe1f0f00, 0x000001c3fe1f1590, 0x000001c3fe1fda20,
0x000001c3fe1fe920, 0x000001c3fe1f0870, 0x000001c3fe1f2940, 0x000001c3fe1f1c20,
0x000001c3fe1f22b0, 0x000001c3fe1efb50, 0x000001c3dfc5e500, 0x000001c3dfc605d0,
0x000001c3dfc5eb90, 0x000001c3dfc5f8b0, 0x000001c3dfc5f220, 0x000001c3dfc5ff40,
0x000001c3dfc60c60, 0x000001c3dfc5d7e0, 0x000001c3dfc640e0, 0x000001c3dfc62010,
0x000001c3dfc61980, 0x000001c3dfc64770, 0x000001c3dfc633c0, 0x000001c3dfc626a0,
0x000001c3dfc62d30, 0x000001c3dfc63a50, 0x000001c3dfc612f0, 0x000001c3dfc64e00,
0x000001c3e1c7f730, 0x000001c3e1c80450, 0x000001c3e1c81170, 0x000001c3e1c80ae0,
0x000001c3e1c82520, 0x000001c3e1c81800, 0x000001c3e1c81e90, 0x000001c3e1c7f0a0,
0x000001c3e1c7fdc0, 0x000001c3e1c83f60, 0x000001c3e1c84c80, 0x000001c3e1c859a0,
0x000001c3e1c83240, 0x000001c3e1c838d0, 0x000001c3e1c86030, 0x000001c3e1c866c0,
0x000001c3e1c845f0, 0x000001c3e17380d0, 0x000001c3e1739480, 0x000001c3e1738760,
0x000001c3e17373b0, 0x000001c3e1737a40, 0x000001c3e1736d20, 0x000001c3e1738df0,
0x000001c3e173a830, 0x000001c3e173aec0, 0x000001c3e173b550, 0x000001c3e173c270,
0x000001c3e1739b10, 0x000001c3e173c900, 0x000001c3e173cf90, 0x000001c3e173bbe0,
0x000001c3e173d620, 0x000001c3e173a1a0, 0x000001c3e173dcb0, 0x000001c3e173e340,
0x000001c3e21ccd50, 0x000001c3e21ce1c0, 0x000001c3e21cd420, 0x000001c3e21ce890,
0x000001c3e21cef60, 0x000001c3df59c170, 0x000001c3df59dcb0, 0x000001c3df59e380,
0x000001c3df59ad00
}

Java Threads: ( => current thread )
  0x000001c3fe13c870 JavaThread "main"                              [_thread_blocked, id=40012, stack(0x0000003ff0f00000,0x0000003ff1000000) (1024K)]
  0x000001c39633dbb0 JavaThread "Reference Handler"          daemon [_thread_blocked, id=41176, stack(0x0000003ff1300000,0x0000003ff1400000) (1024K)]
  0x000001c3fe1dffd0 JavaThread "Finalizer"                  daemon [_thread_blocked, id=17444, stack(0x0000003ff1400000,0x0000003ff1500000) (1024K)]
  0x000001c3fe1f2fd0 JavaThread "Signal Dispatcher"          daemon [_thread_blocked, id=41264, stack(0x0000003ff1500000,0x0000003ff1600000) (1024K)]
  0x000001c3fe1f01e0 JavaThread "Attach Listener"            daemon [_thread_blocked, id=41896, stack(0x0000003ff1600000,0x0000003ff1700000) (1024K)]
  0x000001c3fe1f0f00 JavaThread "Service Thread"             daemon [_thread_blocked, id=23816, stack(0x0000003ff1700000,0x0000003ff1800000) (1024K)]
  0x000001c3fe1f1590 JavaThread "Monitor Deflation Thread"   daemon [_thread_blocked, id=41548, stack(0x0000003ff1800000,0x0000003ff1900000) (1024K)]
  0x000001c3fe1fda20 JavaThread "C2 CompilerThread0"         daemon [_thread_in_native, id=41180, stack(0x0000003ff1900000,0x0000003ff1a00000) (1024K)]
  0x000001c3fe1fe920 JavaThread "C1 CompilerThread0"         daemon [_thread_in_native, id=20932, stack(0x0000003ff1a00000,0x0000003ff1b00000) (1024K)]
  0x000001c3fe1f0870 JavaThread "Common-Cleaner"             daemon [_thread_blocked, id=40092, stack(0x0000003ff1f00000,0x0000003ff2000000) (1024K)]
  0x000001c3fe1f2940 JavaThread "Notification Thread"        daemon [_thread_blocked, id=40272, stack(0x0000003ff2000000,0x0000003ff2100000) (1024K)]
  0x000001c3fe1f1c20 JavaThread "Active Thread: Equinox Container: 91896c29-cf83-4a8c-adba-1c84e6fa49ca"        [_thread_blocked, id=41164, stack(0x0000003ff2800000,0x0000003ff2900000) (1024K)]
  0x000001c3fe1f22b0 JavaThread "Refresh Thread: Equinox Container: 91896c29-cf83-4a8c-adba-1c84e6fa49ca" daemon [_thread_blocked, id=41144, stack(0x0000003ff2900000,0x0000003ff2a00000) (1024K)]
  0x000001c3fe1efb50 JavaThread "Framework Event Dispatcher: Equinox Container: 91896c29-cf83-4a8c-adba-1c84e6fa49ca" daemon [_thread_blocked, id=39188, stack(0x0000003ff2a00000,0x0000003ff2b00000) (1024K)]
  0x000001c3dfc5e500 JavaThread "Start Level: Equinox Container: 91896c29-cf83-4a8c-adba-1c84e6fa49ca" daemon [_thread_blocked, id=41924, stack(0x0000003ff2b00000,0x0000003ff2c00000) (1024K)]
  0x000001c3dfc605d0 JavaThread "Bundle File Closer"         daemon [_thread_blocked, id=32940, stack(0x0000003ff2f00000,0x0000003ff3000000) (1024K)]
  0x000001c3dfc5eb90 JavaThread "SCR Component Actor"        daemon [_thread_blocked, id=39952, stack(0x0000003ff1c00000,0x0000003ff1d00000) (1024K)]
  0x000001c3dfc5f8b0 JavaThread "Worker-JM"                         [_thread_blocked, id=18836, stack(0x0000003ff1e00000,0x0000003ff1f00000) (1024K)]
  0x000001c3dfc5f220 JavaThread "JNA Cleaner"                daemon [_thread_blocked, id=19404, stack(0x0000003ff3300000,0x0000003ff3400000) (1024K)]
  0x000001c3dfc5ff40 JavaThread "Worker-0: Publish Diagnostics"        [_thread_in_vm, id=36268, stack(0x0000003ff3400000,0x0000003ff3500000) (1024K)]
  0x000001c3dfc60c60 JavaThread "Worker-1"                          [_thread_blocked, id=16876, stack(0x0000003ff3500000,0x0000003ff3600000) (1024K)]
  0x000001c3dfc5d7e0 JavaThread "Java indexing"              daemon [_thread_blocked, id=19140, stack(0x0000003ff2100000,0x0000003ff2200000) (1024K)]
  0x000001c3dfc640e0 JavaThread "Worker-2"                          [_thread_blocked, id=41316, stack(0x0000003ff3000000,0x0000003ff3100000) (1024K)]
  0x000001c3dfc62010 JavaThread "Worker-3: Initialize workspace"        [_thread_blocked, id=40688, stack(0x0000003ff4300000,0x0000003ff4400000) (1024K)]
  0x000001c3dfc61980 JavaThread "Worker-4"                          [_thread_blocked, id=8812, stack(0x0000003ff4400000,0x0000003ff4500000) (1024K)]
  0x000001c3dfc64770 JavaThread "Thread-1"                   daemon [_thread_in_native, id=17644, stack(0x0000003ff4500000,0x0000003ff4600000) (1024K)]
  0x000001c3dfc633c0 JavaThread "Thread-2"                   daemon [_thread_in_native, id=39992, stack(0x0000003ff4600000,0x0000003ff4700000) (1024K)]
  0x000001c3dfc626a0 JavaThread "Thread-3"                   daemon [_thread_in_native, id=9352, stack(0x0000003ff4700000,0x0000003ff4800000) (1024K)]
  0x000001c3dfc62d30 JavaThread "Thread-4"                   daemon [_thread_in_native, id=38608, stack(0x0000003ff4800000,0x0000003ff4900000) (1024K)]
  0x000001c3dfc63a50 JavaThread "Thread-5"                   daemon [_thread_in_native, id=40004, stack(0x0000003ff4900000,0x0000003ff4a00000) (1024K)]
  0x000001c3dfc612f0 JavaThread "Thread-6"                   daemon [_thread_in_native, id=40152, stack(0x0000003ff4a00000,0x0000003ff4b00000) (1024K)]
  0x000001c3dfc64e00 JavaThread "Thread-7"                   daemon [_thread_in_native, id=40028, stack(0x0000003ff4b00000,0x0000003ff4c00000) (1024K)]
  0x000001c3e1c7f730 JavaThread "Thread-8"                   daemon [_thread_in_native, id=39388, stack(0x0000003ff4c00000,0x0000003ff4d00000) (1024K)]
  0x000001c3e1c80450 JavaThread "Thread-9"                   daemon [_thread_in_native, id=40064, stack(0x0000003ff4d00000,0x0000003ff4e00000) (1024K)]
  0x000001c3e1c81170 JavaThread "Thread-10"                  daemon [_thread_in_native, id=24260, stack(0x0000003ff4e00000,0x0000003ff4f00000) (1024K)]
  0x000001c3e1c80ae0 JavaThread "Thread-11"                  daemon [_thread_in_native, id=38420, stack(0x0000003ff4f00000,0x0000003ff5000000) (1024K)]
  0x000001c3e1c82520 JavaThread "Thread-12"                  daemon [_thread_in_native, id=41228, stack(0x0000003ff5000000,0x0000003ff5100000) (1024K)]
  0x000001c3e1c81800 JavaThread "Thread-13"                  daemon [_thread_in_native, id=40048, stack(0x0000003ff5100000,0x0000003ff5200000) (1024K)]
  0x000001c3e1c81e90 JavaThread "Thread-14"                  daemon [_thread_in_native, id=13672, stack(0x0000003ff5200000,0x0000003ff5300000) (1024K)]
  0x000001c3e1c7f0a0 JavaThread "Thread-15"                  daemon [_thread_in_native, id=40016, stack(0x0000003ff5300000,0x0000003ff5400000) (1024K)]
  0x000001c3e1c7fdc0 JavaThread "Thread-16"                  daemon [_thread_in_native, id=41872, stack(0x0000003ff5400000,0x0000003ff5500000) (1024K)]
  0x000001c3e1c83f60 JavaThread "Thread-17"                  daemon [_thread_in_native, id=32568, stack(0x0000003ff5500000,0x0000003ff5600000) (1024K)]
  0x000001c3e1c84c80 JavaThread "Thread-18"                  daemon [_thread_in_native, id=15700, stack(0x0000003ff5600000,0x0000003ff5700000) (1024K)]
  0x000001c3e1c859a0 JavaThread "Thread-19"                  daemon [_thread_in_native, id=39948, stack(0x0000003ff5700000,0x0000003ff5800000) (1024K)]
  0x000001c3e1c83240 JavaThread "Thread-20"                  daemon [_thread_in_native, id=41300, stack(0x0000003ff5800000,0x0000003ff5900000) (1024K)]
  0x000001c3e1c838d0 JavaThread "Thread-21"                  daemon [_thread_in_native, id=41396, stack(0x0000003ff5900000,0x0000003ff5a00000) (1024K)]
  0x000001c3e1c86030 JavaThread "pool-2-thread-1"                   [_thread_blocked, id=41436, stack(0x0000003ff5a00000,0x0000003ff5b00000) (1024K)]
  0x000001c3e1c866c0 JavaThread "WorkspaceEventsHandler"            [_thread_blocked, id=17532, stack(0x0000003ff5b00000,0x0000003ff5c00000) (1024K)]
  0x000001c3e1c845f0 JavaThread "pool-1-thread-1"                   [_thread_blocked, id=31924, stack(0x0000003ff5c00000,0x0000003ff5d00000) (1024K)]
  0x000001c3e17380d0 JavaThread "ForkJoinPool.commonPool-worker-1" daemon [_thread_blocked, id=23548, stack(0x0000003ff5d00000,0x0000003ff5e00000) (1024K)]
  0x000001c3e1739480 JavaThread "ForkJoinPool.commonPool-worker-2" daemon [_thread_in_Java, id=27540, stack(0x0000003ff5e00000,0x0000003ff5f00000) (1024K)]
  0x000001c3e1738760 JavaThread "ForkJoinPool.commonPool-worker-3" daemon [_thread_blocked, id=22800, stack(0x0000003ff5f00000,0x0000003ff6000000) (1024K)]
  0x000001c3e17373b0 JavaThread "ForkJoinPool.commonPool-worker-4" daemon [_thread_blocked, id=17296, stack(0x0000003ff6000000,0x0000003ff6100000) (1024K)]
  0x000001c3e1737a40 JavaThread "ForkJoinPool.commonPool-worker-5" daemon [_thread_blocked, id=35416, stack(0x0000003ff6100000,0x0000003ff6200000) (1024K)]
  0x000001c3e1736d20 JavaThread "ForkJoinPool.commonPool-worker-6" daemon [_thread_blocked, id=13060, stack(0x0000003ff6200000,0x0000003ff6300000) (1024K)]
  0x000001c3e1738df0 JavaThread "ForkJoinPool.commonPool-worker-7" daemon [_thread_blocked, id=16416, stack(0x0000003ff6300000,0x0000003ff6400000) (1024K)]
  0x000001c3e173a830 JavaThread "ForkJoinPool.commonPool-worker-8" daemon [_thread_blocked, id=13632, stack(0x0000003ff6400000,0x0000003ff6500000) (1024K)]
  0x000001c3e173aec0 JavaThread "ForkJoinPool.commonPool-worker-9" daemon [_thread_blocked, id=29432, stack(0x0000003ff6500000,0x0000003ff6600000) (1024K)]
  0x000001c3e173b550 JavaThread "ForkJoinPool.commonPool-worker-10" daemon [_thread_blocked, id=38136, stack(0x0000003ff6600000,0x0000003ff6700000) (1024K)]
  0x000001c3e173c270 JavaThread "ForkJoinPool.commonPool-worker-11" daemon [_thread_blocked, id=14444, stack(0x0000003ff6700000,0x0000003ff6800000) (1024K)]
  0x000001c3e1739b10 JavaThread "ForkJoinPool.commonPool-worker-12" daemon [_thread_blocked, id=34656, stack(0x0000003ff6800000,0x0000003ff6900000) (1024K)]
  0x000001c3e173c900 JavaThread "ForkJoinPool.commonPool-worker-13" daemon [_thread_blocked, id=24472, stack(0x0000003ff6900000,0x0000003ff6a00000) (1024K)]
  0x000001c3e173cf90 JavaThread "ForkJoinPool.commonPool-worker-14" daemon [_thread_blocked, id=6668, stack(0x0000003ff6a00000,0x0000003ff6b00000) (1024K)]
  0x000001c3e173bbe0 JavaThread "ForkJoinPool.commonPool-worker-16" daemon [_thread_blocked, id=24640, stack(0x0000003ff6b00000,0x0000003ff6c00000) (1024K)]
  0x000001c3e173d620 JavaThread "ForkJoinPool.commonPool-worker-15" daemon [_thread_blocked, id=9096, stack(0x0000003ff6c00000,0x0000003ff6d00000) (1024K)]
  0x000001c3e173a1a0 JavaThread "ForkJoinPool.commonPool-worker-17" daemon [_thread_blocked, id=30992, stack(0x0000003ff6d00000,0x0000003ff6e00000) (1024K)]
  0x000001c3e173dcb0 JavaThread "ForkJoinPool.commonPool-worker-18" daemon [_thread_blocked, id=31840, stack(0x0000003ff6e00000,0x0000003ff6f00000) (1024K)]
  0x000001c3e173e340 JavaThread "ForkJoinPool.commonPool-worker-19" daemon [_thread_in_native, id=19128, stack(0x0000003ff6f00000,0x0000003ff7000000) (1024K)]
  0x000001c3e21ccd50 JavaThread "C1 CompilerThread1"         daemon [_thread_blocked, id=26108, stack(0x0000003ff1b00000,0x0000003ff1c00000) (1024K)]
  0x000001c3e21ce1c0 JavaThread "C2 CompilerThread1"         daemon [_thread_in_native, id=37092, stack(0x0000003ff3600000,0x0000003ff3700000) (1024K)]
  0x000001c3e21cd420 JavaThread "C1 CompilerThread2"         daemon [_thread_in_native, id=14952, stack(0x0000003ff3900000,0x0000003ff3a00000) (1024K)]
  0x000001c3e21ce890 JavaThread "C1 CompilerThread3"         daemon [_thread_blocked, id=41356, stack(0x0000003ff3a00000,0x0000003ff3b00000) (1024K)]
=>0x000001c3e21cef60 JavaThread "C2 CompilerThread2"         daemon [_thread_in_native, id=18720, stack(0x0000003ff3b00000,0x0000003ff3c00000) (1024K)]
  0x000001c3df59c170 JavaThread "C2 CompilerThread3"         daemon [_thread_in_native, id=37916, stack(0x0000003ff3c00000,0x0000003ff3d00000) (1024K)]
  0x000001c3df59dcb0 JavaThread "C2 CompilerThread4"         daemon [_thread_in_native, id=35016, stack(0x0000003ff3d00000,0x0000003ff3e00000) (1024K)]
  0x000001c3df59e380 JavaThread "C2 CompilerThread5"         daemon [_thread_in_native, id=30200, stack(0x0000003ff3e00000,0x0000003ff3f00000) (1024K)]
  0x000001c3df59ad00 JavaThread "C2 CompilerThread6"         daemon [_thread_in_native, id=25456, stack(0x0000003ff3f00000,0x0000003ff4000000) (1024K)]
Total: 77

Other Threads:
  0x000001c3fe1dfb80 VMThread "VM Thread"                           [id=41936, stack(0x0000003ff1200000,0x0000003ff1300000) (1024K)]
  0x000001c39621ca10 WatcherThread "VM Periodic Task Thread"        [id=41304, stack(0x0000003ff1100000,0x0000003ff1200000) (1024K)]
  0x000001c3fe15ad70 WorkerThread "GC Thread#0"                     [id=40988, stack(0x0000003ff1000000,0x0000003ff1100000) (1024K)]
  0x000001c3df77d460 WorkerThread "GC Thread#1"                     [id=39956, stack(0x0000003ff2200000,0x0000003ff2300000) (1024K)]
  0x000001c3df999580 WorkerThread "GC Thread#2"                     [id=39940, stack(0x0000003ff2300000,0x0000003ff2400000) (1024K)]
  0x000001c3df489210 WorkerThread "GC Thread#3"                     [id=40176, stack(0x0000003ff2400000,0x0000003ff2500000) (1024K)]
  0x000001c3df4895c0 WorkerThread "GC Thread#4"                     [id=39192, stack(0x0000003ff2500000,0x0000003ff2600000) (1024K)]
  0x000001c3df489970 WorkerThread "GC Thread#5"                     [id=38044, stack(0x0000003ff2600000,0x0000003ff2700000) (1024K)]
  0x000001c3df348f90 WorkerThread "GC Thread#6"                     [id=38948, stack(0x0000003ff2700000,0x0000003ff2800000) (1024K)]
  0x000001c3dfc5d0c0 WorkerThread "GC Thread#7"                     [id=36848, stack(0x0000003ff1d00000,0x0000003ff1e00000) (1024K)]
  0x000001c3dffe9c60 WorkerThread "GC Thread#8"                     [id=41944, stack(0x0000003ff2c00000,0x0000003ff2d00000) (1024K)]
  0x000001c3dffea010 WorkerThread "GC Thread#9"                     [id=32108, stack(0x0000003ff2d00000,0x0000003ff2e00000) (1024K)]
  0x000001c3dfd2f1b0 WorkerThread "GC Thread#10"                    [id=40288, stack(0x0000003ff2e00000,0x0000003ff2f00000) (1024K)]
  0x000001c3df5a86a0 WorkerThread "GC Thread#11"                    [id=39996, stack(0x0000003ff3100000,0x0000003ff3200000) (1024K)]
  0x000001c3df5a7b90 WorkerThread "GC Thread#12"                    [id=6176, stack(0x0000003ff3200000,0x0000003ff3300000) (1024K)]
  0x000001c3df5a7430 WorkerThread "GC Thread#13"                    [id=6396, stack(0x0000003ff3700000,0x0000003ff3800000) (1024K)]
  0x000001c3df5a7f40 WorkerThread "GC Thread#14"                    [id=5900, stack(0x0000003ff3800000,0x0000003ff3900000) (1024K)]
Total: 17

Threads with active compile tasks:
C2 CompilerThread0  27524 8941       4       org.eclipse.jdt.internal.core.JarPackageFragmentRoot::initRawPackageInfo (292 bytes)
C1 CompilerThread0  27524 9078       3       com.google.inject.Key::strategyFor (45 bytes)
C1 CompilerThread1  27524 9084       3       org.eclipse.jdt.internal.core.JarPackageFragmentRoot::unmodifiableCopy (108 bytes)
C2 CompilerThread1  27524 8831       4       java.lang.invoke.MethodHandleImpl::makePairwiseConvertByEditor (617 bytes)
C1 CompilerThread2  27524 9088       3       org.eclipse.jdt.internal.core.JarPackageFragmentRoot::createChildren (97 bytes)
C2 CompilerThread2  27524 8709       4       java.lang.reflect.Field::get (39 bytes)
C2 CompilerThread3  27524 8944       4       sun.nio.fs.WindowsPathParser::parse (504 bytes)
C2 CompilerThread4  27525 9035   !   4       com.google.inject.spi.InjectionPoint::getInjectionPoints (489 bytes)
C2 CompilerThread5  27525 8945       4       sun.nio.fs.WindowsPath::startsWith (105 bytes)
C2 CompilerThread6  27525 8928 %     4       java.util.zip.ZipFile$Source::initCEN @ 261 (612 bytes)
Total: 10

VM state: not at safepoint (normal execution)

VM Mutex/Monitor currently owned by a thread: None

Heap address: 0x0000000080000000, size: 2048 MB, Compressed Oops mode: 32-bit

CDS archive(s) mapped at: [0x000001c397000000-0x000001c397ba0000-0x000001c397ba0000), size 12189696, SharedBaseAddress: 0x000001c397000000, ArchiveRelocationMode: 1.
Compressed class space mapped at: 0x000001c398000000-0x000001c3d8000000, reserved size: 1073741824
Narrow klass base: 0x000001c397000000, Narrow klass shift: 0, Narrow klass range: 0x100000000

GC Precious Log:
 CardTable entry size: 512
 CPUs: 20 total, 20 available
 Memory: 16013M
 Large Page Support: Disabled
 NUMA Support: Disabled
 Compressed Oops: Enabled (32-bit)
 Alignments: Space 512K, Generation 512K, Heap 2M
 Heap Min Capacity: 100M
 Heap Initial Capacity: 100M
 Heap Max Capacity: 2G
 Pre-touch: Disabled
 Parallel Workers: 15

Heap:
 PSYoungGen      total 19456K, used 3417K [0x00000000d5580000, 0x00000000d6d80000, 0x0000000100000000)
  eden space 18432K, 13% used [0x00000000d5580000,0x00000000d57fe9a0,0x00000000d6780000)
  from space 1024K, 84% used [0x00000000d6c80000,0x00000000d6d57bf0,0x00000000d6d80000)
  to   space 1024K, 0% used [0x00000000d6b80000,0x00000000d6b80000,0x00000000d6c80000)
 ParOldGen       total 68608K, used 58380K [0x0000000080000000, 0x0000000084300000, 0x00000000d5580000)
  object space 68608K, 85% used [0x0000000080000000,0x0000000083903338,0x0000000084300000)
 Metaspace       used 57138K, committed 58496K, reserved 1114112K
  class space    used 6155K, committed 6784K, reserved 1048576K

Card table byte_map: [0x000001c3fdae0000,0x000001c3fdef0000] _byte_map_base: 0x000001c3fd6e0000

Marking Bits: (ParMarkBitMap*) 0x00007ff9b8ae3450
 Begin Bits: [0x000001c392140000, 0x000001c394140000)
 End Bits:   [0x000001c394140000, 0x000001c396140000)

Polling page: 0x000001c3fbcb0000

Metaspace:

Usage:
  Non-class:     49.79 MB used.
      Class:      6.01 MB used.
       Both:     55.80 MB used.

Virtual space:
  Non-class space:       64.00 MB reserved,      50.50 MB ( 79%) committed,  1 nodes.
      Class space:        1.00 GB reserved,       6.62 MB ( <1%) committed,  1 nodes.
             Both:        1.06 GB reserved,      57.12 MB (  5%) committed. 

Chunk freelists:
   Non-Class:  13.06 MB
       Class:  9.22 MB
        Both:  22.28 MB

MaxMetaspaceSize: unlimited
CompressedClassSpaceSize: 1.00 GB
Initial GC threshold: 21.00 MB
Current GC threshold: 58.38 MB
CDS: on
 - commit_granule_bytes: 65536.
 - commit_granule_words: 8192.
 - virtual_space_node_default_size: 8388608.
 - enlarge_chunks_in_place: 1.
 - use_allocation_guard: 0.


Internal statistics:

num_allocs_failed_limit: 6.
num_arena_births: 1106.
num_arena_deaths: 14.
num_vsnodes_births: 2.
num_vsnodes_deaths: 0.
num_space_committed: 914.
num_space_uncommitted: 0.
num_chunks_returned_to_freelist: 20.
num_chunks_taken_from_freelist: 3828.
num_chunk_merges: 12.
num_chunk_splits: 2326.
num_chunks_enlarged: 1274.
num_inconsistent_stats: 0.

CodeHeap 'non-profiled nmethods': size=119168Kb used=5748Kb max_used=5748Kb free=113419Kb
 bounds [0x000001c38ace0000, 0x000001c38b280000, 0x000001c392140000]
CodeHeap 'profiled nmethods': size=119104Kb used=19144Kb max_used=19144Kb free=99959Kb
 bounds [0x000001c383140000, 0x000001c384400000, 0x000001c38a590000]
CodeHeap 'non-nmethods': size=7488Kb used=3095Kb max_used=3180Kb free=4392Kb
 bounds [0x000001c38a590000, 0x000001c38a8b0000, 0x000001c38ace0000]
CodeCache: size=245760Kb, used=27987Kb, max_used=28072Kb, free=217770Kb
 total_blobs=9196, nmethods=8479, adapters=620, full_count=0
Compilation: enabled, stopped_count=0, restarted_count=0

Compilation events (20 events):
Event: 26.490 Thread 0x000001c3e21ccd50 9044       3       com.google.common.collect.MapMakerInternalMap::containsKey (23 bytes)
Event: 26.490 Thread 0x000001c3e21cd420 nmethod 9043 0x000001c3843db590 code [0x000001c3843db7a0, 0x000001c3843dbd80]
Event: 26.490 Thread 0x000001c3fe1fe920 9048       3       com.google.common.collect.Maps::immutableEntry (10 bytes)
Event: 26.490 Thread 0x000001c3fe1fe920 nmethod 9048 0x000001c3843dc010 code [0x000001c3843dc1c0, 0x000001c3843dc3f8]
Event: 26.490 Thread 0x000001c3e21ce890 9049       3       com.google.common.collect.Maps$2::transform (9 bytes)
Event: 26.490 Thread 0x000001c3e21cd420 9050       3       com.google.common.collect.Maps$2::transform (7 bytes)
Event: 26.490 Thread 0x000001c3e21ccd50 nmethod 9044 0x000001c3843dc510 code [0x000001c3843dc700, 0x000001c3843dcbe8]
Event: 26.490 Thread 0x000001c3fe1fe920 9051       3       com.google.common.collect.AbstractMapBasedMultimap$AsMap::wrapEntry (29 bytes)
Event: 26.491 Thread 0x000001c3e21cd420 nmethod 9050 0x000001c3843dce10 code [0x000001c3843dcfc0, 0x000001c3843dd198]
Event: 26.491 Thread 0x000001c3e21ce890 nmethod 9049 0x000001c3843dd290 code [0x000001c3843dd460, 0x000001c3843dd7b0]
Event: 26.491 Thread 0x000001c3e21ccd50 9052       3       com.google.common.collect.ImmutableSet::of (9 bytes)
Event: 26.491 Thread 0x000001c3e21cd420 9053       3       com.google.common.collect.SingletonImmutableSet::<init> (13 bytes)
Event: 26.491 Thread 0x000001c3fe1fe920 nmethod 9051 0x000001c3843dd910 code [0x000001c3843ddb00, 0x000001c3843de158]
Event: 26.491 Thread 0x000001c3e21ce890 9056       3       org.eclipse.sisu.inject.RankedBindings::iterator (9 bytes)
Event: 26.491 Thread 0x000001c3e21cd420 nmethod 9053 0x000001c3843de390 code [0x000001c3843de560, 0x000001c3843de950]
Event: 26.491 Thread 0x000001c3e21ccd50 nmethod 9052 0x000001c3843deb10 code [0x000001c3843ded00, 0x000001c3843df190]
Event: 26.491 Thread 0x000001c3fe1fe920 9057       3       org.eclipse.sisu.inject.RankedBindings$Itr::<init> (24 bytes)
Event: 26.491 Thread 0x000001c3e21ce890 nmethod 9056 0x000001c3843df390 code [0x000001c3843df560, 0x000001c3843df978]
Event: 26.491 Thread 0x000001c3e21cd420 9058       3       org.eclipse.sisu.inject.RankedSequence::iterator (9 bytes)
Event: 26.492 Thread 0x000001c3e21ccd50 9059       3       org.eclipse.sisu.inject.RankedSequence$Itr::<init> (22 bytes)

GC Heap History (20 events):
Event: 24.267 GC heap before
{Heap before GC invocations=30 (full 2):
 PSYoungGen      total 20992K, used 20512K [0x00000000d5580000, 0x00000000d6d80000, 0x0000000100000000)
  eden space 18432K, 100% used [0x00000000d5580000,0x00000000d6780000,0x00000000d6780000)
  from space 2560K, 81% used [0x00000000d6a80000,0x00000000d6c88000,0x00000000d6d00000)
  to   space 512K, 0% used [0x00000000d6d00000,0x00000000d6d00000,0x00000000d6d80000)
 ParOldGen       total 68608K, used 47121K [0x0000000080000000, 0x0000000084300000, 0x00000000d5580000)
  object space 68608K, 68% used [0x0000000080000000,0x0000000082e04608,0x0000000084300000)
 Metaspace       used 49179K, committed 50496K, reserved 1114112K
  class space    used 5328K, committed 5952K, reserved 1048576K
}
Event: 24.270 GC heap after
{Heap after GC invocations=30 (full 2):
 PSYoungGen      total 18944K, used 512K [0x00000000d5580000, 0x00000000d7080000, 0x0000000100000000)
  eden space 18432K, 0% used [0x00000000d5580000,0x00000000d5580000,0x00000000d6780000)
  from space 512K, 100% used [0x00000000d6d00000,0x00000000d6d80000,0x00000000d6d80000)
  to   space 4608K, 0% used [0x00000000d6780000,0x00000000d6780000,0x00000000d6c00000)
 ParOldGen       total 68608K, used 50434K [0x0000000080000000, 0x0000000084300000, 0x00000000d5580000)
  object space 68608K, 73% used [0x0000000080000000,0x0000000083140818,0x0000000084300000)
 Metaspace       used 49179K, committed 50496K, reserved 1114112K
  class space    used 5328K, committed 5952K, reserved 1048576K
}
Event: 24.394 GC heap before
{Heap before GC invocations=31 (full 2):
 PSYoungGen      total 18944K, used 18944K [0x00000000d5580000, 0x00000000d7080000, 0x0000000100000000)
  eden space 18432K, 100% used [0x00000000d5580000,0x00000000d6780000,0x00000000d6780000)
  from space 512K, 100% used [0x00000000d6d00000,0x00000000d6d80000,0x00000000d6d80000)
  to   space 4608K, 0% used [0x00000000d6780000,0x00000000d6780000,0x00000000d6c00000)
 ParOldGen       total 68608K, used 50434K [0x0000000080000000, 0x0000000084300000, 0x00000000d5580000)
  object space 68608K, 73% used [0x0000000080000000,0x0000000083140818,0x0000000084300000)
 Metaspace       used 50242K, committed 51584K, reserved 1114112K
  class space    used 5479K, committed 6080K, reserved 1048576K
}
Event: 24.396 GC heap after
{Heap after GC invocations=31 (full 2):
 PSYoungGen      total 19968K, used 1408K [0x00000000d5580000, 0x00000000d6d80000, 0x0000000100000000)
  eden space 18432K, 0% used [0x00000000d5580000,0x00000000d5580000,0x00000000d6780000)
  from space 1536K, 91% used [0x00000000d6780000,0x00000000d68e0000,0x00000000d6900000)
  to   space 2560K, 0% used [0x00000000d6b00000,0x00000000d6b00000,0x00000000d6d80000)
 ParOldGen       total 68608K, used 51018K [0x0000000080000000, 0x0000000084300000, 0x00000000d5580000)
  object space 68608K, 74% used [0x0000000080000000,0x00000000831d2818,0x0000000084300000)
 Metaspace       used 50242K, committed 51584K, reserved 1114112K
  class space    used 5479K, committed 6080K, reserved 1048576K
}
Event: 24.614 GC heap before
{Heap before GC invocations=32 (full 2):
 PSYoungGen      total 19968K, used 19840K [0x00000000d5580000, 0x00000000d6d80000, 0x0000000100000000)
  eden space 18432K, 100% used [0x00000000d5580000,0x00000000d6780000,0x00000000d6780000)
  from space 1536K, 91% used [0x00000000d6780000,0x00000000d68e0000,0x00000000d6900000)
  to   space 2560K, 0% used [0x00000000d6b00000,0x00000000d6b00000,0x00000000d6d80000)
 ParOldGen       total 68608K, used 51018K [0x0000000080000000, 0x0000000084300000, 0x00000000d5580000)
  object space 68608K, 74% used [0x0000000080000000,0x00000000831d2818,0x0000000084300000)
 Metaspace       used 51685K, committed 53056K, reserved 1114112K
  class space    used 5626K, committed 6272K, reserved 1048576K
}
Event: 24.615 GC heap after
{Heap after GC invocations=32 (full 2):
 PSYoungGen      total 19456K, used 801K [0x00000000d5580000, 0x00000000d6c00000, 0x0000000100000000)
  eden space 18432K, 0% used [0x00000000d5580000,0x00000000d5580000,0x00000000d6780000)
  from space 1024K, 78% used [0x00000000d6b00000,0x00000000d6bc8598,0x00000000d6c00000)
  to   space 1536K, 0% used [0x00000000d6900000,0x00000000d6900000,0x00000000d6a80000)
 ParOldGen       total 68608K, used 52213K [0x0000000080000000, 0x0000000084300000, 0x00000000d5580000)
  object space 68608K, 76% used [0x0000000080000000,0x00000000832fd728,0x0000000084300000)
 Metaspace       used 51685K, committed 53056K, reserved 1114112K
  class space    used 5626K, committed 6272K, reserved 1048576K
}
Event: 24.805 GC heap before
{Heap before GC invocations=33 (full 2):
 PSYoungGen      total 19456K, used 19233K [0x00000000d5580000, 0x00000000d6c00000, 0x0000000100000000)
  eden space 18432K, 100% used [0x00000000d5580000,0x00000000d6780000,0x00000000d6780000)
  from space 1024K, 78% used [0x00000000d6b00000,0x00000000d6bc8598,0x00000000d6c00000)
  to   space 1536K, 0% used [0x00000000d6900000,0x00000000d6900000,0x00000000d6a80000)
 ParOldGen       total 68608K, used 52213K [0x0000000080000000, 0x0000000084300000, 0x00000000d5580000)
  object space 68608K, 76% used [0x0000000080000000,0x00000000832fd728,0x0000000084300000)
 Metaspace       used 53069K, committed 54464K, reserved 1114112K
  class space    used 5745K, committed 6400K, reserved 1048576K
}
Event: 24.806 GC heap after
{Heap after GC invocations=33 (full 2):
 PSYoungGen      total 19968K, used 480K [0x00000000d5580000, 0x00000000d6b80000, 0x0000000100000000)
  eden space 18432K, 0% used [0x00000000d5580000,0x00000000d5580000,0x00000000d6780000)
  from space 1536K, 31% used [0x00000000d6900000,0x00000000d6978000,0x00000000d6a80000)
  to   space 1024K, 0% used [0x00000000d6a80000,0x00000000d6a80000,0x00000000d6b80000)
 ParOldGen       total 68608K, used 52765K [0x0000000080000000, 0x0000000084300000, 0x00000000d5580000)
  object space 68608K, 76% used [0x0000000080000000,0x0000000083387518,0x0000000084300000)
 Metaspace       used 53069K, committed 54464K, reserved 1114112K
  class space    used 5745K, committed 6400K, reserved 1048576K
}
Event: 24.841 GC heap before
{Heap before GC invocations=34 (full 2):
 PSYoungGen      total 19968K, used 18912K [0x00000000d5580000, 0x00000000d6b80000, 0x0000000100000000)
  eden space 18432K, 100% used [0x00000000d5580000,0x00000000d6780000,0x00000000d6780000)
  from space 1536K, 31% used [0x00000000d6900000,0x00000000d6978000,0x00000000d6a80000)
  to   space 1024K, 0% used [0x00000000d6a80000,0x00000000d6a80000,0x00000000d6b80000)
 ParOldGen       total 68608K, used 52765K [0x0000000080000000, 0x0000000084300000, 0x00000000d5580000)
  object space 68608K, 76% used [0x0000000080000000,0x0000000083387518,0x0000000084300000)
 Metaspace       used 53234K, committed 54656K, reserved 1114112K
  class space    used 5755K, committed 6400K, reserved 1048576K
}
Event: 24.842 GC heap after
{Heap after GC invocations=34 (full 2):
 PSYoungGen      total 19456K, used 1016K [0x00000000d5580000, 0x00000000d6c80000, 0x0000000100000000)
  eden space 18432K, 0% used [0x00000000d5580000,0x00000000d5580000,0x00000000d6780000)
  from space 1024K, 99% used [0x00000000d6a80000,0x00000000d6b7e328,0x00000000d6b80000)
  to   space 2560K, 0% used [0x00000000d6780000,0x00000000d6780000,0x00000000d6a00000)
 ParOldGen       total 68608K, used 53604K [0x0000000080000000, 0x0000000084300000, 0x00000000d5580000)
  object space 68608K, 78% used [0x0000000080000000,0x0000000083459040,0x0000000084300000)
 Metaspace       used 53234K, committed 54656K, reserved 1114112K
  class space    used 5755K, committed 6400K, reserved 1048576K
}
Event: 24.872 GC heap before
{Heap before GC invocations=35 (full 2):
 PSYoungGen      total 19456K, used 19448K [0x00000000d5580000, 0x00000000d6c80000, 0x0000000100000000)
  eden space 18432K, 100% used [0x00000000d5580000,0x00000000d6780000,0x00000000d6780000)
  from space 1024K, 99% used [0x00000000d6a80000,0x00000000d6b7e328,0x00000000d6b80000)
  to   space 2560K, 0% used [0x00000000d6780000,0x00000000d6780000,0x00000000d6a00000)
 ParOldGen       total 68608K, used 53604K [0x0000000080000000, 0x0000000084300000, 0x00000000d5580000)
  object space 68608K, 78% used [0x0000000080000000,0x0000000083459040,0x0000000084300000)
 Metaspace       used 53502K, committed 54912K, reserved 1114112K
  class space    used 5769K, committed 6400K, reserved 1048576K
}
Event: 24.873 GC heap after
{Heap after GC invocations=35 (full 2):
 PSYoungGen      total 20992K, used 320K [0x00000000d5580000, 0x00000000d6b00000, 0x0000000100000000)
  eden space 18432K, 0% used [0x00000000d5580000,0x00000000d5580000,0x00000000d6780000)
  from space 2560K, 12% used [0x00000000d6780000,0x00000000d67d0000,0x00000000d6a00000)
  to   space 1024K, 0% used [0x00000000d6a00000,0x00000000d6a00000,0x00000000d6b00000)
 ParOldGen       total 68608K, used 53748K [0x0000000080000000, 0x0000000084300000, 0x00000000d5580000)
  object space 68608K, 78% used [0x0000000080000000,0x000000008347d040,0x0000000084300000)
 Metaspace       used 53502K, committed 54912K, reserved 1114112K
  class space    used 5769K, committed 6400K, reserved 1048576K
}
Event: 25.138 GC heap before
{Heap before GC invocations=36 (full 2):
 PSYoungGen      total 20992K, used 18752K [0x00000000d5580000, 0x00000000d6b00000, 0x0000000100000000)
  eden space 18432K, 100% used [0x00000000d5580000,0x00000000d6780000,0x00000000d6780000)
  from space 2560K, 12% used [0x00000000d6780000,0x00000000d67d0000,0x00000000d6a00000)
  to   space 1024K, 0% used [0x00000000d6a00000,0x00000000d6a00000,0x00000000d6b00000)
 ParOldGen       total 68608K, used 53748K [0x0000000080000000, 0x0000000084300000, 0x00000000d5580000)
  object space 68608K, 78% used [0x0000000080000000,0x000000008347d040,0x0000000084300000)
 Metaspace       used 55704K, committed 57088K, reserved 1114112K
  class space    used 6004K, committed 6592K, reserved 1048576K
}
Event: 25.140 GC heap after
{Heap after GC invocations=36 (full 2):
 PSYoungGen      total 19456K, used 914K [0x00000000d5580000, 0x00000000d6b00000, 0x0000000100000000)
  eden space 18432K, 0% used [0x00000000d5580000,0x00000000d5580000,0x00000000d6780000)
  from space 1024K, 89% used [0x00000000d6a00000,0x00000000d6ae48b0,0x00000000d6b00000)
  to   space 1536K, 0% used [0x00000000d6800000,0x00000000d6800000,0x00000000d6980000)
 ParOldGen       total 68608K, used 53812K [0x0000000080000000, 0x0000000084300000, 0x00000000d5580000)
  object space 68608K, 78% used [0x0000000080000000,0x000000008348d040,0x0000000084300000)
 Metaspace       used 55704K, committed 57088K, reserved 1114112K
  class space    used 6004K, committed 6592K, reserved 1048576K
}
Event: 25.327 GC heap before
{Heap before GC invocations=37 (full 2):
 PSYoungGen      total 19456K, used 19346K [0x00000000d5580000, 0x00000000d6b00000, 0x0000000100000000)
  eden space 18432K, 100% used [0x00000000d5580000,0x00000000d6780000,0x00000000d6780000)
  from space 1024K, 89% used [0x00000000d6a00000,0x00000000d6ae48b0,0x00000000d6b00000)
  to   space 1536K, 0% used [0x00000000d6800000,0x00000000d6800000,0x00000000d6980000)
 ParOldGen       total 68608K, used 53812K [0x0000000080000000, 0x0000000084300000, 0x00000000d5580000)
  object space 68608K, 78% used [0x0000000080000000,0x000000008348d040,0x0000000084300000)
 Metaspace       used 56587K, committed 57984K, reserved 1114112K
  class space    used 6102K, committed 6720K, reserved 1048576K
}
Event: 25.329 GC heap after
{Heap after GC invocations=37 (full 2):
 PSYoungGen      total 19968K, used 1522K [0x00000000d5580000, 0x00000000d7280000, 0x0000000100000000)
  eden space 18432K, 0% used [0x00000000d5580000,0x00000000d5580000,0x00000000d6780000)
  from space 1536K, 99% used [0x00000000d6800000,0x00000000d697c900,0x00000000d6980000)
  to   space 5632K, 0% used [0x00000000d6d00000,0x00000000d6d00000,0x00000000d7280000)
 ParOldGen       total 68608K, used 57117K [0x0000000080000000, 0x0000000084300000, 0x00000000d5580000)
  object space 68608K, 83% used [0x0000000080000000,0x00000000837c76c0,0x0000000084300000)
 Metaspace       used 56587K, committed 57984K, reserved 1114112K
  class space    used 6102K, committed 6720K, reserved 1048576K
}
Event: 25.390 GC heap before
{Heap before GC invocations=38 (full 2):
 PSYoungGen      total 19968K, used 19954K [0x00000000d5580000, 0x00000000d7280000, 0x0000000100000000)
  eden space 18432K, 100% used [0x00000000d5580000,0x00000000d6780000,0x00000000d6780000)
  from space 1536K, 99% used [0x00000000d6800000,0x00000000d697c900,0x00000000d6980000)
  to   space 5632K, 0% used [0x00000000d6d00000,0x00000000d6d00000,0x00000000d7280000)
 ParOldGen       total 68608K, used 57117K [0x0000000080000000, 0x0000000084300000, 0x00000000d5580000)
  object space 68608K, 83% used [0x0000000080000000,0x00000000837c76c0,0x0000000084300000)
 Metaspace       used 56931K, committed 58304K, reserved 1114112K
  class space    used 6126K, committed 6720K, reserved 1048576K
}
Event: 25.393 GC heap after
{Heap after GC invocations=38 (full 2):
 PSYoungGen      total 19456K, used 872K [0x00000000d5580000, 0x00000000d6e00000, 0x0000000100000000)
  eden space 18432K, 0% used [0x00000000d5580000,0x00000000d5580000,0x00000000d6780000)
  from space 1024K, 85% used [0x00000000d6d00000,0x00000000d6dda000,0x00000000d6e00000)
  to   space 2560K, 0% used [0x00000000d6900000,0x00000000d6900000,0x00000000d6b80000)
 ParOldGen       total 68608K, used 57612K [0x0000000080000000, 0x0000000084300000, 0x00000000d5580000)
  object space 68608K, 83% used [0x0000000080000000,0x0000000083843318,0x0000000084300000)
 Metaspace       used 56931K, committed 58304K, reserved 1114112K
  class space    used 6126K, committed 6720K, reserved 1048576K
}
Event: 26.456 GC heap before
{Heap before GC invocations=39 (full 2):
 PSYoungGen      total 19456K, used 19304K [0x00000000d5580000, 0x00000000d6e00000, 0x0000000100000000)
  eden space 18432K, 100% used [0x00000000d5580000,0x00000000d6780000,0x00000000d6780000)
  from space 1024K, 85% used [0x00000000d6d00000,0x00000000d6dda000,0x00000000d6e00000)
  to   space 2560K, 0% used [0x00000000d6900000,0x00000000d6900000,0x00000000d6b80000)
 ParOldGen       total 68608K, used 57612K [0x0000000080000000, 0x0000000084300000, 0x00000000d5580000)
  object space 68608K, 83% used [0x0000000080000000,0x0000000083843318,0x0000000084300000)
 Metaspace       used 57021K, committed 58432K, reserved 1114112K
  class space    used 6146K, committed 6784K, reserved 1048576K
}
Event: 26.458 GC heap after
{Heap after GC invocations=39 (full 2):
 PSYoungGen      total 20992K, used 608K [0x00000000d5580000, 0x00000000d6d80000, 0x0000000100000000)
  eden space 18432K, 0% used [0x00000000d5580000,0x00000000d5580000,0x00000000d6780000)
  from space 2560K, 23% used [0x00000000d6900000,0x00000000d6998288,0x00000000d6b80000)
  to   space 1024K, 0% used [0x00000000d6c80000,0x00000000d6c80000,0x00000000d6d80000)
 ParOldGen       total 68608K, used 58228K [0x0000000080000000, 0x0000000084300000, 0x00000000d5580000)
  object space 68608K, 84% used [0x0000000080000000,0x00000000838dd338,0x0000000084300000)
 Metaspace       used 57021K, committed 58432K, reserved 1114112K
  class space    used 6146K, committed 6784K, reserved 1048576K
}

Dll operation events (10 events):
Event: 0.010 Loaded shared library c:\Users\thoma\.vscode\extensions\redhat.java-1.54.0-win32-x64\jre\21.0.10-win32-x86_64\bin\java.dll
Event: 0.055 Loaded shared library c:\Users\thoma\.vscode\extensions\redhat.java-1.54.0-win32-x64\jre\21.0.10-win32-x86_64\bin\zip.dll
Event: 0.075 Loaded shared library C:\Users\thoma\.vscode\extensions\redhat.java-1.54.0-win32-x64\jre\21.0.10-win32-x86_64\bin\instrument.dll
Event: 0.079 Loaded shared library C:\Users\thoma\.vscode\extensions\redhat.java-1.54.0-win32-x64\jre\21.0.10-win32-x86_64\bin\net.dll
Event: 0.081 Loaded shared library C:\Users\thoma\.vscode\extensions\redhat.java-1.54.0-win32-x64\jre\21.0.10-win32-x86_64\bin\nio.dll
Event: 0.083 Loaded shared library C:\Users\thoma\.vscode\extensions\redhat.java-1.54.0-win32-x64\jre\21.0.10-win32-x86_64\bin\zip.dll
Event: 0.096 Loaded shared library C:\Users\thoma\.vscode\extensions\redhat.java-1.54.0-win32-x64\jre\21.0.10-win32-x86_64\bin\jimage.dll
Event: 0.156 Loaded shared library c:\Users\thoma\.vscode\extensions\redhat.java-1.54.0-win32-x64\jre\21.0.10-win32-x86_64\bin\verify.dll
Event: 3.082 Loaded shared library C:\Users\thoma\AppData\Roaming\Code\User\globalStorage\redhat.java\1.54.0\config_win\org.eclipse.equinox.launcher\org.eclipse.equinox.launcher.win32.win32.x86_64_1.3.0.v20260203-2149\eclipse_11919.dll
Event: 8.914 Loaded shared library C:\Users\thoma\AppData\Local\Temp\jna-110336847\jna9700626139237239499.dll

Deoptimization events (20 events):
Event: 26.465 Thread 0x000001c3e173e340 Uncommon trap: trap_request=0xffffffde fr.pc=0x000001c38b0bcd90 relative=0x0000000000000070
Event: 26.466 Thread 0x000001c3e173e340 Uncommon trap: reason=class_check action=maybe_recompile pc=0x000001c38b0bcd90 method=com.google.common.cache.LocalCache$Segment.drainRecencyQueue()V @ 4 c2
Event: 26.466 Thread 0x000001c3e173e340 DEOPT PACKING pc=0x000001c38b0bcd90 sp=0x0000003ff6ffd9a0
Event: 26.466 Thread 0x000001c3e173e340 DEOPT UNPACKING pc=0x000001c38a5e3aa2 sp=0x0000003ff6ffd930 mode 2
Event: 26.466 Thread 0x000001c3e173e340 Uncommon trap: trap_request=0xffffffde fr.pc=0x000001c38b0bcd90 relative=0x0000000000000070
Event: 26.466 Thread 0x000001c3e173e340 Uncommon trap: reason=class_check action=maybe_recompile pc=0x000001c38b0bcd90 method=com.google.common.cache.LocalCache$Segment.drainRecencyQueue()V @ 4 c2
Event: 26.466 Thread 0x000001c3e173e340 DEOPT PACKING pc=0x000001c38b0bcd90 sp=0x0000003ff6ffd960
Event: 26.466 Thread 0x000001c3e173e340 DEOPT UNPACKING pc=0x000001c38a5e3aa2 sp=0x0000003ff6ffd8f0 mode 2
Event: 26.466 Thread 0x000001c3e173e340 Uncommon trap: trap_request=0xffffffde fr.pc=0x000001c38b0bd090 relative=0x0000000000000070
Event: 26.466 Thread 0x000001c3e173e340 Uncommon trap: reason=class_check action=maybe_recompile pc=0x000001c38b0bd090 method=java.util.AbstractQueue.add(Ljava/lang/Object;)Z @ 2 c2
Event: 26.466 Thread 0x000001c3e173e340 DEOPT PACKING pc=0x000001c38b0bd090 sp=0x0000003ff6ffd960
Event: 26.466 Thread 0x000001c3e173e340 DEOPT UNPACKING pc=0x000001c38a5e3aa2 sp=0x0000003ff6ffd8e8 mode 2
Event: 26.467 Thread 0x000001c3e173e340 Uncommon trap: trap_request=0xffffffde fr.pc=0x000001c38b0bcd90 relative=0x0000000000000070
Event: 26.467 Thread 0x000001c3e173e340 Uncommon trap: reason=class_check action=maybe_recompile pc=0x000001c38b0bcd90 method=com.google.common.cache.LocalCache$Segment.drainRecencyQueue()V @ 4 c2
Event: 26.467 Thread 0x000001c3e173e340 DEOPT PACKING pc=0x000001c38b0bcd90 sp=0x0000003ff6ffda10
Event: 26.467 Thread 0x000001c3e173e340 DEOPT UNPACKING pc=0x000001c38a5e3aa2 sp=0x0000003ff6ffd9a0 mode 2
Event: 26.470 Thread 0x000001c3e173e340 Uncommon trap: trap_request=0xffffff6e fr.pc=0x000001c38b0cc2a4 relative=0x0000000000005524
Event: 26.470 Thread 0x000001c3e173e340 Uncommon trap: reason=loop_limit_check action=maybe_recompile pc=0x000001c38b0cc2a4 method=com.google.inject.spi.InjectionPoint.getInjectionPoints(Lcom/google/inject/TypeLiteral;ZLcom/google/inject/internal/Errors;)Ljava/util/Set; @ 34 c2
Event: 26.470 Thread 0x000001c3e173e340 DEOPT PACKING pc=0x000001c38b0cc2a4 sp=0x0000003ff6ffaa80
Event: 26.470 Thread 0x000001c3e173e340 DEOPT UNPACKING pc=0x000001c38a5e3aa2 sp=0x0000003ff6ffaa50 mode 2

Classes loaded (20 events):
Event: 25.028 Loading class java/nio/charset/CharacterCodingException
Event: 25.028 Loading class java/nio/charset/CharacterCodingException done
Event: 25.028 Loading class java/io/SequenceInputStream
Event: 25.029 Loading class java/io/SequenceInputStream done
Event: 25.055 Loading class java/util/WeakHashMap$KeyIterator
Event: 25.055 Loading class java/util/WeakHashMap$KeyIterator done
Event: 25.134 Loading class java/lang/StringLatin1$LinesSpliterator
Event: 25.134 Loading class java/lang/StringLatin1$LinesSpliterator done
Event: 25.257 Loading class java/util/concurrent/CompletableFuture$UniApply
Event: 25.257 Loading class java/util/concurrent/CompletableFuture$UniCompletion
Event: 25.257 Loading class java/util/concurrent/CompletableFuture$UniCompletion done
Event: 25.257 Loading class java/util/concurrent/CompletableFuture$UniApply done
Event: 25.258 Loading class java/util/concurrent/CompletableFuture$UniAccept
Event: 25.258 Loading class java/util/concurrent/CompletableFuture$UniAccept done
Event: 25.259 Loading class java/util/concurrent/CompletableFuture$UniExceptionally
Event: 25.259 Loading class java/util/concurrent/CompletableFuture$UniExceptionally done
Event: 25.285 Loading class javax/xml/transform/TransformerConfigurationException
Event: 25.285 Loading class javax/xml/transform/TransformerConfigurationException done
Event: 25.317 Loading class java/util/Hashtable$KeySet
Event: 25.317 Loading class java/util/Hashtable$KeySet done

Classes unloaded (7 events):
Event: 9.335 Thread 0x000001c3fe1dfb80 Unloading class 0x000001c3981aac00 'java/lang/invoke/LambdaForm$MH+0x000001c3981aac00'
Event: 9.335 Thread 0x000001c3fe1dfb80 Unloading class 0x000001c3981aa800 'java/lang/invoke/LambdaForm$MH+0x000001c3981aa800'
Event: 9.335 Thread 0x000001c3fe1dfb80 Unloading class 0x000001c3981aa400 'java/lang/invoke/LambdaForm$MH+0x000001c3981aa400'
Event: 9.335 Thread 0x000001c3fe1dfb80 Unloading class 0x000001c3981aa000 'java/lang/invoke/LambdaForm$MH+0x000001c3981aa000'
Event: 9.335 Thread 0x000001c3fe1dfb80 Unloading class 0x000001c3981a9c00 'java/lang/invoke/LambdaForm$BMH+0x000001c3981a9c00'
Event: 9.335 Thread 0x000001c3fe1dfb80 Unloading class 0x000001c3981a9800 'java/lang/invoke/LambdaForm$DMH+0x000001c3981a9800'
Event: 9.335 Thread 0x000001c3fe1dfb80 Unloading class 0x000001c3981a8400 'java/lang/invoke/LambdaForm$DMH+0x000001c3981a8400'

Classes redefined (0 events):
No events

Internal exceptions (20 events):
Event: 25.251 Thread 0x000001c3e1c845f0 Exception <a 'sun/nio/fs/WindowsException'{0x00000000d5d994e0}> (0x00000000d5d994e0) 
thrown [s\src\hotspot\share\prims\jni.cpp, line 520]
Event: 25.252 Thread 0x000001c3e1c845f0 Exception <a 'sun/nio/fs/WindowsException'{0x00000000d5d9ca08}> (0x00000000d5d9ca08) 
thrown [s\src\hotspot\share\prims\jni.cpp, line 520]
Event: 25.252 Thread 0x000001c3e1c845f0 Exception <a 'sun/nio/fs/WindowsException'{0x00000000d5d9d208}> (0x00000000d5d9d208) 
thrown [s\src\hotspot\share\prims\jni.cpp, line 520]
Event: 25.252 Thread 0x000001c3e1c845f0 Exception <a 'sun/nio/fs/WindowsException'{0x00000000d5d9e5c8}> (0x00000000d5d9e5c8) 
thrown [s\src\hotspot\share\prims\jni.cpp, line 520]
Event: 25.252 Thread 0x000001c3e1c845f0 Exception <a 'sun/nio/fs/WindowsException'{0x00000000d5d9ecf0}> (0x00000000d5d9ecf0) 
thrown [s\src\hotspot\share\prims\jni.cpp, line 520]
Event: 25.253 Thread 0x000001c3e1c845f0 Exception <a 'sun/nio/fs/WindowsException'{0x00000000d5d9fb70}> (0x00000000d5d9fb70) 
thrown [s\src\hotspot\share\prims\jni.cpp, line 520]
Event: 25.253 Thread 0x000001c3e1c845f0 Exception <a 'sun/nio/fs/WindowsException'{0x00000000d5da0298}> (0x00000000d5da0298) 
thrown [s\src\hotspot\share\prims\jni.cpp, line 520]
Event: 25.254 Thread 0x000001c3e1c845f0 Exception <a 'java/lang/IncompatibleClassChangeError'{0x00000000d5dbeaf0}: Found class java.lang.Object, but interface was expected> (0x00000000d5dbeaf0) 
thrown [s\src\hotspot\share\interpreter\linkResolver.cpp, line 840]
Event: 25.318 Thread 0x000001c3e173e340 Exception <a 'java/io/FileNotFoundException'{0x00000000d6694410}> (0x00000000d6694410) 
thrown [s\src\hotspot\share\prims\jni.cpp, line 520]
Event: 25.318 Thread 0x000001c3e173e340 Exception <a 'java/io/FileNotFoundException'{0x00000000d669b748}> (0x00000000d669b748) 
thrown [s\src\hotspot\share\prims\jni.cpp, line 520]
Event: 25.319 Thread 0x000001c3e173e340 Exception <a 'java/io/FileNotFoundException'{0x00000000d669c750}> (0x00000000d669c750) 
thrown [s\src\hotspot\share\prims\jni.cpp, line 520]
Event: 25.364 Thread 0x000001c3e173e340 Exception <a 'sun/nio/fs/WindowsException'{0x00000000d5db88d8}> (0x00000000d5db88d8) 
thrown [s\src\hotspot\share\prims\jni.cpp, line 520]
Event: 25.364 Thread 0x000001c3e173e340 Exception <a 'sun/nio/fs/WindowsException'{0x00000000d5db92d0}> (0x00000000d5db92d0) 
thrown [s\src\hotspot\share\prims\jni.cpp, line 520]
Event: 25.365 Thread 0x000001c3e173e340 Exception <a 'sun/nio/fs/WindowsException'{0x00000000d5dba588}> (0x00000000d5dba588) 
thrown [s\src\hotspot\share\prims\jni.cpp, line 520]
Event: 25.365 Thread 0x000001c3e173e340 Exception <a 'sun/nio/fs/WindowsException'{0x00000000d5dbb1f8}> (0x00000000d5dbb1f8) 
thrown [s\src\hotspot\share\prims\jni.cpp, line 520]
Event: 25.379 Thread 0x000001c3e173e340 Exception <a 'java/io/FileNotFoundException'{0x00000000d64e5368}> (0x00000000d64e5368) 
thrown [s\src\hotspot\share\prims\jni.cpp, line 520]
Event: 25.380 Thread 0x000001c3e173e340 Exception <a 'java/io/FileNotFoundException'{0x00000000d64e6398}> (0x00000000d64e6398) 
thrown [s\src\hotspot\share\prims\jni.cpp, line 520]
Event: 25.397 Thread 0x000001c3e173e340 Exception <a 'sun/nio/fs/WindowsException'{0x00000000d55d2658}> (0x00000000d55d2658) 
thrown [s\src\hotspot\share\prims\jni.cpp, line 520]
Event: 26.418 Thread 0x000001c3dfc5ff40 Exception <a 'java/lang/NoSuchMethodError'{0x00000000d5735130}: 'java.lang.Object java.lang.invoke.DirectMethodHandle$Holder.invokeSpecial(java.lang.Object, java.lang.Object, int, long)'> (0x00000000d5735130) 
thrown [s\src\hotspot\share\interpreter\linkResolver.cpp, line 773]
Event: 26.419 Thread 0x000001c3e173e340 Exception <a 'sun/nio/fs/WindowsException'{0x00000000d55d3030}> (0x00000000d55d3030) 
thrown [s\src\hotspot\share\prims\jni.cpp, line 520]

ZGC Phase Switch (0 events):
No events

VM Operations (20 events):
Event: 24.916 Executing non-safepoint VM operation: HandshakeAllThreads (Deoptimize) done
Event: 25.138 Executing safepoint VM operation: ParallelGCFailedAllocation (Allocation Failure)
Event: 25.140 Executing safepoint VM operation: ParallelGCFailedAllocation (Allocation Failure) done
Event: 25.151 Executing non-safepoint VM operation: HandshakeAllThreads (Deoptimize)
Event: 25.151 Executing non-safepoint VM operation: HandshakeAllThreads (Deoptimize) done
Event: 25.192 Executing non-safepoint VM operation: HandshakeAllThreads (Deoptimize)
Event: 25.192 Executing non-safepoint VM operation: HandshakeAllThreads (Deoptimize) done
Event: 25.282 Executing safepoint VM operation: ICBufferFull
Event: 25.282 Executing safepoint VM operation: ICBufferFull done
Event: 25.326 Executing safepoint VM operation: ParallelGCFailedAllocation (Allocation Failure)
Event: 25.329 Executing safepoint VM operation: ParallelGCFailedAllocation (Allocation Failure) done
Event: 25.390 Executing safepoint VM operation: ParallelGCFailedAllocation (Allocation Failure)
Event: 25.393 Executing safepoint VM operation: ParallelGCFailedAllocation (Allocation Failure) done
Event: 26.402 Executing safepoint VM operation: Cleanup
Event: 26.402 Executing safepoint VM operation: Cleanup done
Event: 26.456 Executing safepoint VM operation: ParallelGCFailedAllocation (Allocation Failure)
Event: 26.458 Executing safepoint VM operation: ParallelGCFailedAllocation (Allocation Failure) done
Event: 26.460 Executing non-safepoint VM operation: HandshakeAllThreads (Deoptimize)
Event: 26.460 Executing non-safepoint VM operation: HandshakeAllThreads (Deoptimize) done
Event: 27.463 Executing safepoint VM operation: Cleanup

Memory protections (0 events):
No events

Nmethod flushes (20 events):
Event: 14.836 Thread 0x000001c3fe1dfb80 flushing  nmethod 0x000001c383827b90
Event: 14.836 Thread 0x000001c3fe1dfb80 flushing  nmethod 0x000001c383827f90
Event: 14.836 Thread 0x000001c3fe1dfb80 flushing  nmethod 0x000001c383828890
Event: 14.836 Thread 0x000001c3fe1dfb80 flushing  nmethod 0x000001c383829a90
Event: 14.836 Thread 0x000001c3fe1dfb80 flushing  nmethod 0x000001c38382a710
Event: 14.836 Thread 0x000001c3fe1dfb80 flushing  nmethod 0x000001c38382c410
Event: 14.836 Thread 0x000001c3fe1dfb80 flushing  nmethod 0x000001c38382c910
Event: 14.836 Thread 0x000001c3fe1dfb80 flushing  nmethod 0x000001c38382d210
Event: 14.836 Thread 0x000001c3fe1dfb80 flushing  nmethod 0x000001c38382e210
Event: 14.836 Thread 0x000001c3fe1dfb80 flushing  nmethod 0x000001c38382fc90
Event: 14.836 Thread 0x000001c3fe1dfb80 flushing  nmethod 0x000001c383832610
Event: 14.836 Thread 0x000001c3fe1dfb80 flushing  nmethod 0x000001c383877c10
Event: 14.836 Thread 0x000001c3fe1dfb80 flushing  nmethod 0x000001c383898810
Event: 14.836 Thread 0x000001c3fe1dfb80 flushing  nmethod 0x000001c3838a3b90
Event: 14.836 Thread 0x000001c3fe1dfb80 flushing  nmethod 0x000001c3838f0710
Event: 14.836 Thread 0x000001c3fe1dfb80 flushing  nmethod 0x000001c383912010
Event: 14.836 Thread 0x000001c3fe1dfb80 flushing  nmethod 0x000001c383927a10
Event: 14.836 Thread 0x000001c3fe1dfb80 flushing  nmethod 0x000001c383959090
Event: 14.836 Thread 0x000001c3fe1dfb80 flushing  nmethod 0x000001c38397fa90
Event: 14.836 Thread 0x000001c3fe1dfb80 flushing  nmethod 0x000001c38397ff10

Events (20 events):
Event: 21.523 Thread 0x000001c3fe1fe920 Thread added: 0x000001c3e21ce1c0
Event: 21.601 Thread 0x000001c3dfc61980 Thread added: 0x000001c3dfc9d140
Event: 22.012 Thread 0x000001c3e21ce1c0 Thread exited: 0x000001c3e21ce1c0
Event: 22.169 Thread 0x000001c3fe1fe920 Thread added: 0x000001c3e21cf630
Event: 22.170 Thread 0x000001c3fe1fe920 Thread added: 0x000001c3e21ce1c0
Event: 22.552 Thread 0x000001c3dfc9d140 Thread exited: 0x000001c3dfc9d140
Event: 23.580 Thread 0x000001c3e21ce1c0 Thread exited: 0x000001c3e21ce1c0
Event: 23.586 Thread 0x000001c3e21cf630 Thread exited: 0x000001c3e21cf630
Event: 23.754 Thread 0x000001c3fe1fe920 Thread added: 0x000001c3e21ce1c0
Event: 23.787 Thread 0x000001c3e21ccd50 Thread added: 0x000001c3e21cd420
Event: 23.787 Thread 0x000001c3e21ccd50 Thread added: 0x000001c3e21ce890
Event: 23.793 Thread 0x000001c3fe1fe920 Thread added: 0x000001c3e21cef60
Event: 23.851 Thread 0x000001c3fe1fda20 Thread added: 0x000001c3e21cf630
Event: 23.851 Thread 0x000001c3fe1fda20 Thread added: 0x000001c3df59b3d0
Event: 24.524 Thread 0x000001c3df59b3d0 Thread exited: 0x000001c3df59b3d0
Event: 24.651 Thread 0x000001c3e21cf630 Thread exited: 0x000001c3e21cf630
Event: 24.844 Thread 0x000001c3e21cd420 Thread added: 0x000001c3df59c170
Event: 24.845 Thread 0x000001c3e21cd420 Thread added: 0x000001c3df59dcb0
Event: 24.861 Thread 0x000001c3e21ccd50 Thread added: 0x000001c3df59e380
Event: 24.865 Thread 0x000001c3fe1fe920 Thread added: 0x000001c3df59ad00


Dynamic libraries:
0x00007ff71b660000 - 0x00007ff71b66e000 	c:\Users\thoma\.vscode\extensions\redhat.java-1.54.0-win32-x64\jre\21.0.10-win32-x86_64\bin\java.exe
0x00007ffab9600000 - 0x00007ffab9867000 	C:\WINDOWS\SYSTEM32\ntdll.dll
0x00007ffab7f80000 - 0x00007ffab8049000 	C:\WINDOWS\System32\KERNEL32.DLL
0x00007ffab61b0000 - 0x00007ffab65a7000 	C:\WINDOWS\System32\KERNELBASE.dll
0x00007ffab67b0000 - 0x00007ffab68fb000 	C:\WINDOWS\System32\ucrtbase.dll
0x00007ffa99350000 - 0x00007ffa99368000 	c:\Users\thoma\.vscode\extensions\redhat.java-1.54.0-win32-x64\jre\21.0.10-win32-x86_64\bin\jli.dll
0x00007ffa996b0000 - 0x00007ffa996ce000 	c:\Users\thoma\.vscode\extensions\redhat.java-1.54.0-win32-x64\jre\21.0.10-win32-x86_64\bin\VCRUNTIME140.dll
0x00007ffab7460000 - 0x00007ffab7626000 	C:\WINDOWS\System32\USER32.dll
0x00007ffab7350000 - 0x00007ffab7377000 	C:\WINDOWS\System32\win32u.dll
0x00007ffab79d0000 - 0x00007ffab79fb000 	C:\WINDOWS\System32\GDI32.dll
0x00007ffa97820000 - 0x00007ffa97ab2000 	C:\WINDOWS\WinSxS\amd64_microsoft.windows.common-controls_6595b64144ccf1df_6.0.26100.8457_none_3e0b2faee331e92d\COMCTL32.dll
0x00007ffab8740000 - 0x00007ffab87e9000 	C:\WINDOWS\System32\msvcrt.dll
0x00007ffab7170000 - 0x00007ffab729c000 	C:\WINDOWS\System32\gdi32full.dll
0x00007ffab72a0000 - 0x00007ffab7343000 	C:\WINDOWS\System32\msvcp_win.dll
0x00007ffab9090000 - 0x00007ffab90c2000 	C:\WINDOWS\System32\IMM32.DLL
0x00007ffab1020000 - 0x00007ffab102c000 	c:\Users\thoma\.vscode\extensions\redhat.java-1.54.0-win32-x64\jre\21.0.10-win32-x86_64\bin\vcruntime140_1.dll
0x00007ffa6cd00000 - 0x00007ffa6cd8d000 	c:\Users\thoma\.vscode\extensions\redhat.java-1.54.0-win32-x64\jre\21.0.10-win32-x86_64\bin\msvcp140.dll
0x00007ff9b7e20000 - 0x00007ff9b8bc1000 	c:\Users\thoma\.vscode\extensions\redhat.java-1.54.0-win32-x64\jre\21.0.10-win32-x86_64\bin\server\jvm.dll
0x00007ffab7630000 - 0x00007ffab76e6000 	C:\WINDOWS\System32\ADVAPI32.dll
0x00007ffab73b0000 - 0x00007ffab7457000 	C:\WINDOWS\System32\sechost.dll
0x00007ffab7ba0000 - 0x00007ffab7cb8000 	C:\WINDOWS\System32\RPCRT4.dll
0x00007ffab8060000 - 0x00007ffab80e0000 	C:\WINDOWS\System32\WS2_32.dll
0x00007ffab5ce0000 - 0x00007ffab5d3e000 	C:\WINDOWS\SYSTEM32\POWRPROF.dll
0x00007ffaaf8a0000 - 0x00007ffaaf8ab000 	C:\WINDOWS\SYSTEM32\VERSION.dll
0x00007ffaa7b20000 - 0x00007ffaa7b56000 	C:\WINDOWS\SYSTEM32\WINMM.dll
0x00007ffab5cc0000 - 0x00007ffab5cd4000 	C:\WINDOWS\SYSTEM32\UMPDC.dll
0x00007ffab4dc0000 - 0x00007ffab4ddb000 	C:\WINDOWS\SYSTEM32\kernel.appcore.dll
0x00007ffab05e0000 - 0x00007ffab05ea000 	c:\Users\thoma\.vscode\extensions\redhat.java-1.54.0-win32-x64\jre\21.0.10-win32-x86_64\bin\jimage.dll
0x00007ffab4020000 - 0x00007ffab4262000 	C:\WINDOWS\SYSTEM32\DBGHELP.DLL
0x00007ffab9230000 - 0x00007ffab95b3000 	C:\WINDOWS\System32\combase.dll
0x00007ffab8100000 - 0x00007ffab81d9000 	C:\WINDOWS\System32\OLEAUT32.dll
0x00007ffa8ecd0000 - 0x00007ffa8ed0b000 	C:\WINDOWS\SYSTEM32\dbgcore.DLL
0x00007ffab65b0000 - 0x00007ffab6658000 	C:\WINDOWS\System32\bcryptPrimitives.dll
0x00007ffaad210000 - 0x00007ffaad21f000 	c:\Users\thoma\.vscode\extensions\redhat.java-1.54.0-win32-x64\jre\21.0.10-win32-x86_64\bin\instrument.dll
0x00007ffa99330000 - 0x00007ffa99350000 	c:\Users\thoma\.vscode\extensions\redhat.java-1.54.0-win32-x64\jre\21.0.10-win32-x86_64\bin\java.dll
0x00007ffab8810000 - 0x00007ffab8f7e000 	C:\WINDOWS\System32\SHELL32.dll
0x00007ffab6900000 - 0x00007ffab716c000 	C:\WINDOWS\System32\windows.storage.dll
0x00007ffab8f90000 - 0x00007ffab9086000 	C:\WINDOWS\System32\SHCORE.dll
0x00007ffab81e0000 - 0x00007ffab8246000 	C:\WINDOWS\System32\shlwapi.dll
0x00007ffab5f50000 - 0x00007ffab5f79000 	C:\WINDOWS\SYSTEM32\profapi.dll
0x00007ffa98730000 - 0x00007ffa98748000 	c:\Users\thoma\.vscode\extensions\redhat.java-1.54.0-win32-x64\jre\21.0.10-win32-x86_64\bin\zip.dll
0x00007ffaad060000 - 0x00007ffaad070000 	C:\Users\thoma\.vscode\extensions\redhat.java-1.54.0-win32-x64\jre\21.0.10-win32-x86_64\bin\net.dll
0x00007ffaafb60000 - 0x00007ffaafc89000 	C:\WINDOWS\SYSTEM32\WINHTTP.dll
0x00007ffab5330000 - 0x00007ffab539c000 	C:\WINDOWS\system32\mswsock.dll
0x00007ffa97320000 - 0x00007ffa97336000 	C:\Users\thoma\.vscode\extensions\redhat.java-1.54.0-win32-x64\jre\21.0.10-win32-x86_64\bin\nio.dll
0x00007ffaace10000 - 0x00007ffaace20000 	c:\Users\thoma\.vscode\extensions\redhat.java-1.54.0-win32-x64\jre\21.0.10-win32-x86_64\bin\verify.dll
0x00007ffa93e10000 - 0x00007ffa93e55000 	C:\Users\thoma\AppData\Roaming\Code\User\globalStorage\redhat.java\1.54.0\config_win\org.eclipse.equinox.launcher\org.eclipse.equinox.launcher.win32.win32.x86_64_1.3.0.v20260203-2149\eclipse_11919.dll
0x00007ffab7a00000 - 0x00007ffab7b97000 	C:\WINDOWS\System32\ole32.dll
0x00007ffab5620000 - 0x00007ffab563b000 	C:\WINDOWS\SYSTEM32\CRYPTSP.dll
0x00007ffab4d20000 - 0x00007ffab4d59000 	C:\WINDOWS\system32\rsaenh.dll
0x00007ffab53e0000 - 0x00007ffab5413000 	C:\WINDOWS\SYSTEM32\USERENV.dll
0x00007ffab5f20000 - 0x00007ffab5f4a000 	C:\WINDOWS\SYSTEM32\bcrypt.dll
0x00007ffab5610000 - 0x00007ffab561c000 	C:\WINDOWS\SYSTEM32\CRYPTBASE.dll
0x00007ffab4800000 - 0x00007ffab4832000 	C:\WINDOWS\SYSTEM32\IPHLPAPI.DLL
0x00007ffab79c0000 - 0x00007ffab79ca000 	C:\WINDOWS\System32\NSI.dll
0x00007ffa806d0000 - 0x00007ffa80719000 	C:\Users\thoma\AppData\Local\Temp\jna-110336847\jna9700626139237239499.dll
0x00007ffab80f0000 - 0x00007ffab80f8000 	C:\WINDOWS\System32\PSAPI.DLL
0x00007ffab0eb0000 - 0x00007ffab0ecd000 	C:\WINDOWS\SYSTEM32\dhcpcsvc6.DLL
0x00007ffab0e30000 - 0x00007ffab0e55000 	C:\WINDOWS\SYSTEM32\dhcpcsvc.DLL

JVMTI agents:
c:\Users\thoma\.vscode\extensions\redhat.java-1.54.0-win32-x64\lombok\lombok-1.18.39-4050.jar path:c:\Users\thoma\.vscode\extensions\redhat.java-1.54.0-win32-x64\jre\21.0.10-win32-x86_64\bin\instrument.dll, loaded, initialized, instrumentlib options:none

dbghelp: loaded successfully - version: 4.0.5 - missing functions: none
symbol engine: initialized successfully - sym options: 0x614 - pdb path: .;c:\Users\thoma\.vscode\extensions\redhat.java-1.54.0-win32-x64\jre\21.0.10-win32-x86_64\bin;C:\WINDOWS\SYSTEM32;C:\WINDOWS\WinSxS\amd64_microsoft.windows.common-controls_6595b64144ccf1df_6.0.26100.8457_none_3e0b2faee331e92d;c:\Users\thoma\.vscode\extensions\redhat.java-1.54.0-win32-x64\jre\21.0.10-win32-x86_64\bin\server;C:\Users\thoma\AppData\Roaming\Code\User\globalStorage\redhat.java\1.54.0\config_win\org.eclipse.equinox.launcher\org.eclipse.equinox.launcher.win32.win32.x86_64_1.3.0.v20260203-2149;C:\Users\thoma\AppData\Local\Temp\jna-110336847

VM Arguments:
jvm_args: --add-modules=ALL-SYSTEM --add-opens=java.base/java.util=ALL-UNNAMED --add-opens=java.base/java.lang=ALL-UNNAMED --add-opens=java.base/sun.nio.fs=ALL-UNNAMED -Declipse.application=org.eclipse.jdt.ls.core.id1 -Dosgi.bundles.defaultStartLevel=4 -Declipse.product=org.eclipse.jdt.ls.core.product -Djava.import.generatesMetadataFilesAtProjectRoot=false -DDetectVMInstallationsJob.disabled=true -Dfile.encoding=utf8 -XX:+UseParallelGC -XX:GCTimeRatio=4 -XX:AdaptiveSizePolicyWeight=90 -Dsun.zip.disableMemoryMapping=true -Xmx2G -Xms100m -Xlog:disable -javaagent:c:\Users\thoma\.vscode\extensions\redhat.java-1.54.0-win32-x64\lombok\lombok-1.18.39-4050.jar -XX:+HeapDumpOnOutOfMemoryError -XX:HeapDumpPath=c:\Users\thoma\AppData\Roaming\Code\User\workspaceStorage\15b89bb5f5f21af3b8bd2fdc59b2e550\redhat.java -Daether.dependencyCollector.impl=bf 
java_command: c:\Users\thoma\.vscode\extensions\redhat.java-1.54.0-win32-x64\server\plugins\org.eclipse.equinox.launcher_1.7.100.v20251111-0406.jar -configuration c:\Users\thoma\AppData\Roaming\Code\User\globalStorage\redhat.java\1.54.0\config_win -data c:\Users\thoma\AppData\Roaming\Code\User\workspaceStorage\15b89bb5f5f21af3b8bd2fdc59b2e550\redhat.java\jdt_ws --pipe=\\.\pipe\lsp-abbaae0d4409292344e7cdcdcefddf14-sock
java_class_path (initial): c:\Users\thoma\.vscode\extensions\redhat.java-1.54.0-win32-x64\server\plugins\org.eclipse.equinox.launcher_1.7.100.v20251111-0406.jar
Launcher Type: SUN_STANDARD

[Global flags]
    uintx AdaptiveSizePolicyWeight                 = 90                                        {product} {command line}
     intx CICompilerCount                          = 12                                        {product} {ergonomic}
    uintx GCTimeRatio                              = 4                                         {product} {command line}
     bool HeapDumpOnOutOfMemoryError               = true                                   {manageable} {command line}
    ccstr HeapDumpPath                             = c:\Users\thoma\AppData\Roaming\Code\User\workspaceStorage\15b89bb5f5f21af3b8bd2fdc59b2e550\redhat.java         {manageable} {command line}
   size_t InitialHeapSize                          = 104857600                                 {product} {command line}
   size_t MaxHeapSize                              = 2147483648                                {product} {command line}
   size_t MaxNewSize                               = 715653120                                 {product} {ergonomic}
   size_t MinHeapDeltaBytes                        = 524288                                    {product} {ergonomic}
   size_t MinHeapSize                              = 104857600                                 {product} {command line}
   size_t NewSize                                  = 34603008                                  {product} {ergonomic}
    uintx NonNMethodCodeHeapSize                   = 7602480                                {pd product} {ergonomic}
    uintx NonProfiledCodeHeapSize                  = 122027880                              {pd product} {ergonomic}
   size_t OldSize                                  = 70254592                                  {product} {ergonomic}
    uintx ProfiledCodeHeapSize                     = 122027880                              {pd product} {ergonomic}
    uintx ReservedCodeCacheSize                    = 251658240                              {pd product} {ergonomic}
     bool SegmentedCodeCache                       = true                                      {product} {ergonomic}
   size_t SoftMaxHeapSize                          = 2147483648                             {manageable} {ergonomic}
     bool UseCompressedOops                        = true                           {product lp64_product} {ergonomic}
     bool UseLargePagesIndividualAllocation        = false                                  {pd product} {ergonomic}
     bool UseParallelGC                            = true                                      {product} {command line}

Logging:
Log output configuration:
 #0: stdout all=off uptime,level,tags foldmultilines=false
 #1: stderr all=off uptime,level,tags foldmultilines=false

Release file:
JAVA_VERSION="21.0.10" 
MODULES="java.base java.compiler java.datatransfer java.xml java.prefs java.desktop java.instrument java.logging java.management java.security.sasl java.naming java.rmi java.management.rmi java.net.http java.scripting java.security.jgss java.transaction.xa java.sql java.sql.rowset java.xml.crypto java.se java.smartcardio jdk.accessibility jdk.internal.jvmstat jdk.attach jdk.charsets jdk.internal.opt jdk.zipfs jdk.compiler jdk.crypto.ec jdk.crypto.cryptoki jdk.crypto.mscapi jdk.dynalink jdk.internal.ed jdk.editpad jdk.hotspot.agent jdk.httpserver jdk.internal.le jdk.internal.vm.ci jdk.internal.vm.compiler jdk.internal.vm.compiler.management jdk.jartool jdk.javadoc jdk.jcmd jdk.management jdk.management.agent jdk.jconsole jdk.jdeps jdk.jdwp.agent jdk.jdi jdk.jfr jdk.jshell jdk.jsobject jdk.jstatd jdk.localedata jdk.management.jfr jdk.naming.dns jdk.naming.rmi jdk.net jdk.nio.mapmode jdk.random jdk.sctp jdk.security.auth jdk.security.jgss jdk.unsupported jdk.unsupported.desktop jdk.xml.dom" 

Environment Variables:
JAVA_HOME=C:\Program Files\Eclipse Adoptium\jdk-17.0.19.10-hotspot\
PATH=C:\Users\thoma\AppData\Local\Programs\Microsoft VS Code;C:\Program Files\Eclipse Adoptium\jdk-17.0.19.10-hotspot\bin;C:\Windows\system32;C:\Windows;C:\Windows\System32\Wbem;C:\Windows\System32\WindowsPowerShell\v1.0\;C:\Windows\System32\OpenSSH\;C:\Program Files (x86)\NVIDIA Corporation\PhysX\Common;C:\Program Files\NVIDIA Corporation\NVIDIA NvDLISR;C:\WINDOWS\system32;C:\WINDOWS;C:\WINDOWS\System32\Wbem;C:\WINDOWS\System32\WindowsPowerShell\v1.0\;C:\WINDOWS\System32\OpenSSH\;C:\Program Files\Docker\Docker\resources\bin;C:\Program Files\Git\cmd;C:\Program Files\nodejs\;C:\Users\thoma\AppData\Local\Programs\Eclipse Adoptium\jdk-25.0.2.10-hotspot\bin;C:\Users\thoma\AppData\Local\Programs\Python\Python312\Scripts\;C:\Users\thoma\AppData\Local\Programs\Python\Python312\;C:\Users\thoma\AppData\Local\Programs\Python\Launcher\;C:\Users\thoma\AppData\Local\Microsoft\WindowsApps;C:\Users\thoma\AppData\Local\Programs\Microsoft VS Code\bin;C:\Users\thoma\AppData\Roaming\npm;C:\Users\thoma\AppData\Local\Python\bin;C:\src\flutter\bin
USERNAME=thoma
OS=Windows_NT
PROCESSOR_IDENTIFIER=Intel64 Family 6 Model 186 Stepping 2, GenuineIntel
TMP=C:\Users\thoma\AppData\Local\Temp
TEMP=C:\Users\thoma\AppData\Local\Temp




Periodic native trim disabled

---------------  S Y S T E M  ---------------

OS:
 Windows 11 , 64 bit Build 26100 (10.0.26100.8328)
OS uptime: 0 days 18:36 hours
Hyper-V role detected

CPU: total 20 (initial active 20) (10 cores per cpu, 2 threads per core) family 6 model 186 stepping 2 microcode 0x4122, cx8, cmov, fxsr, ht, mmx, 3dnowpref, sse, sse2, sse3, ssse3, sse4.1, sse4.2, popcnt, lzcnt, tsc, tscinvbit, avx, avx2, aes, erms, clmul, bmi1, bmi2, adx, sha, fma, vzeroupper, clflush, clflushopt, clwb, hv, serialize, rdtscp, rdpid, fsrm, f16c, cet_ibt, cet_ss
Processor Information for processor 0
  Max Mhz: 2600, Current Mhz: 2600, Mhz Limit: 2600
Processor Information for processor 1
  Max Mhz: 2600, Current Mhz: 2600, Mhz Limit: 2600
Processor Information for processor 2
  Max Mhz: 2600, Current Mhz: 2600, Mhz Limit: 2600
Processor Information for processor 3
  Max Mhz: 2600, Current Mhz: 1496, Mhz Limit: 2600
Processor Information for processor 4
  Max Mhz: 2600, Current Mhz: 2600, Mhz Limit: 2600
Processor Information for processor 5
  Max Mhz: 2600, Current Mhz: 2600, Mhz Limit: 2600
Processor Information for processor 6
  Max Mhz: 2600, Current Mhz: 2600, Mhz Limit: 2600
Processor Information for processor 7
  Max Mhz: 2600, Current Mhz: 1496, Mhz Limit: 2600
Processor Information for processor 8
  Max Mhz: 2600, Current Mhz: 2600, Mhz Limit: 2600
Processor Information for processor 9
  Max Mhz: 2600, Current Mhz: 2600, Mhz Limit: 2600
Processor Information for processor 10
  Max Mhz: 2600, Current Mhz: 2600, Mhz Limit: 2600
Processor Information for processor 11
  Max Mhz: 2600, Current Mhz: 1496, Mhz Limit: 2600
Processor Information for processor 12
  Max Mhz: 2600, Current Mhz: 1500, Mhz Limit: 1898
Processor Information for processor 13
  Max Mhz: 2600, Current Mhz: 1900, Mhz Limit: 1898
Processor Information for processor 14
  Max Mhz: 2600, Current Mhz: 1900, Mhz Limit: 1898
Processor Information for processor 15
  Max Mhz: 2600, Current Mhz: 1900, Mhz Limit: 1898
Processor Information for processor 16
  Max Mhz: 2600, Current Mhz: 1900, Mhz Limit: 1898
Processor Information for processor 17
  Max Mhz: 2600, Current Mhz: 1900, Mhz Limit: 1898
Processor Information for processor 18
  Max Mhz: 2600, Current Mhz: 1500, Mhz Limit: 1898
Processor Information for processor 19
  Max Mhz: 2600, Current Mhz: 1500, Mhz Limit: 1898

Memory: 4k page, system-wide physical 16013M (1988M free)
TotalPageFile size 22157M (AvailPageFile size 21M)
current process WorkingSet (physical memory assigned to process): 294M, peak: 298M
current process commit charge ("private bytes"): 400M, peak: 416M

vm_info: OpenJDK 64-Bit Server VM (21.0.10+7-LTS) for windows-amd64 JRE (21.0.10+7-LTS), built on 2026-01-20T00:00:00Z by "admin" with MS VC++ 17.12 (VS2022)

END.
